Archive member included to satisfy reference by file (symbol)

c:/st/stm32cubeide_1.5.1/stm32cubeide/plugins/com.st.stm32cube.ide.mcu.externaltools.gnu-tools-for-stm32.7-2018-q2-update.win32_1.5.0.202011040924/tools/bin/../lib/gcc/arm-none-eabi/7.3.1/../../../../arm-none-eabi/lib/thumb/v7-m\libc_nano.a(lib_a-atoi.o)
                              Core/Src/main.o (atoi)
c:/st/stm32cubeide_1.5.1/stm32cubeide/plugins/com.st.stm32cube.ide.mcu.externaltools.gnu-tools-for-stm32.7-2018-q2-update.win32_1.5.0.202011040924/tools/bin/../lib/gcc/arm-none-eabi/7.3.1/../../../../arm-none-eabi/lib/thumb/v7-m\libc_nano.a(lib_a-errno.o)
                              Core/Src/syscalls.o (__errno)
c:/st/stm32cubeide_1.5.1/stm32cubeide/plugins/com.st.stm32cube.ide.mcu.externaltools.gnu-tools-for-stm32.7-2018-q2-update.win32_1.5.0.202011040924/tools/bin/../lib/gcc/arm-none-eabi/7.3.1/../../../../arm-none-eabi/lib/thumb/v7-m\libc_nano.a(lib_a-exit.o)
                              c:/st/stm32cubeide_1.5.1/stm32cubeide/plugins/com.st.stm32cube.ide.mcu.externaltools.gnu-tools-for-stm32.7-2018-q2-update.win32_1.5.0.202011040924/tools/bin/../lib/gcc/arm-none-eabi/7.3.1/../../../../arm-none-eabi/lib/thumb/v7-m/crt0.o (exit)
c:/st/stm32cubeide_1.5.1/stm32cubeide/plugins/com.st.stm32cube.ide.mcu.externaltools.gnu-tools-for-stm32.7-2018-q2-update.win32_1.5.0.202011040924/tools/bin/../lib/gcc/arm-none-eabi/7.3.1/../../../../arm-none-eabi/lib/thumb/v7-m\libc_nano.a(lib_a-impure.o)
                              c:/st/stm32cubeide_1.5.1/stm32cubeide/plugins/com.st.stm32cube.ide.mcu.externaltools.gnu-tools-for-stm32.7-2018-q2-update.win32_1.5.0.202011040924/tools/bin/../lib/gcc/arm-none-eabi/7.3.1/../../../../arm-none-eabi/lib/thumb/v7-m\libc_nano.a(lib_a-exit.o) (_global_impure_ptr)
c:/st/stm32cubeide_1.5.1/stm32cubeide/plugins/com.st.stm32cube.ide.mcu.externaltools.gnu-tools-for-stm32.7-2018-q2-update.win32_1.5.0.202011040924/tools/bin/../lib/gcc/arm-none-eabi/7.3.1/../../../../arm-none-eabi/lib/thumb/v7-m\libc_nano.a(lib_a-init.o)
                              c:/st/stm32cubeide_1.5.1/stm32cubeide/plugins/com.st.stm32cube.ide.mcu.externaltools.gnu-tools-for-stm32.7-2018-q2-update.win32_1.5.0.202011040924/tools/bin/../lib/gcc/arm-none-eabi/7.3.1/../../../../arm-none-eabi/lib/thumb/v7-m/crt0.o (__libc_init_array)
c:/st/stm32cubeide_1.5.1/stm32cubeide/plugins/com.st.stm32cube.ide.mcu.externaltools.gnu-tools-for-stm32.7-2018-q2-update.win32_1.5.0.202011040924/tools/bin/../lib/gcc/arm-none-eabi/7.3.1/../../../../arm-none-eabi/lib/thumb/v7-m\libc_nano.a(lib_a-memcpy-stub.o)
                              Core/Inc/MQTTPacket.o (memcpy)
c:/st/stm32cubeide_1.5.1/stm32cubeide/plugins/com.st.stm32cube.ide.mcu.externaltools.gnu-tools-for-stm32.7-2018-q2-update.win32_1.5.0.202011040924/tools/bin/../lib/gcc/arm-none-eabi/7.3.1/../../../../arm-none-eabi/lib/thumb/v7-m\libc_nano.a(lib_a-memset.o)
                              c:/st/stm32cubeide_1.5.1/stm32cubeide/plugins/com.st.stm32cube.ide.mcu.externaltools.gnu-tools-for-stm32.7-2018-q2-update.win32_1.5.0.202011040924/tools/bin/../lib/gcc/arm-none-eabi/7.3.1/../../../../arm-none-eabi/lib/thumb/v7-m/crt0.o (memset)
c:/st/stm32cubeide_1.5.1/stm32cubeide/plugins/com.st.stm32cube.ide.mcu.externaltools.gnu-tools-for-stm32.7-2018-q2-update.win32_1.5.0.202011040924/tools/bin/../lib/gcc/arm-none-eabi/7.3.1/../../../../arm-none-eabi/lib/thumb/v7-m\libc_nano.a(lib_a-printf.o)
                              Core/Src/MQTTSim800.o (printf)
c:/st/stm32cubeide_1.5.1/stm32cubeide/plugins/com.st.stm32cube.ide.mcu.externaltools.gnu-tools-for-stm32.7-2018-q2-update.win32_1.5.0.202011040924/tools/bin/../lib/gcc/arm-none-eabi/7.3.1/../../../../arm-none-eabi/lib/thumb/v7-m\libc_nano.a(lib_a-snprintf.o)
                              Core/Inc/MQTTFormat.o (snprintf)
c:/st/stm32cubeide_1.5.1/stm32cubeide/plugins/com.st.stm32cube.ide.mcu.externaltools.gnu-tools-for-stm32.7-2018-q2-update.win32_1.5.0.202011040924/tools/bin/../lib/gcc/arm-none-eabi/7.3.1/../../../../arm-none-eabi/lib/thumb/v7-m\libc_nano.a(lib_a-sprintf.o)
                              Core/Src/MQTTSim800.o (sprintf)
c:/st/stm32cubeide_1.5.1/stm32cubeide/plugins/com.st.stm32cube.ide.mcu.externaltools.gnu-tools-for-stm32.7-2018-q2-update.win32_1.5.0.202011040924/tools/bin/../lib/gcc/arm-none-eabi/7.3.1/../../../../arm-none-eabi/lib/thumb/v7-m\libc_nano.a(lib_a-strlen.o)
                              Core/Inc/MQTTPacket.o (strlen)
c:/st/stm32cubeide_1.5.1/stm32cubeide/plugins/com.st.stm32cube.ide.mcu.externaltools.gnu-tools-for-stm32.7-2018-q2-update.win32_1.5.0.202011040924/tools/bin/../lib/gcc/arm-none-eabi/7.3.1/../../../../arm-none-eabi/lib/thumb/v7-m\libc_nano.a(lib_a-strncmp.o)
                              Core/Inc/MQTTPacket.o (strncmp)
[...]
Memory Configuration

Name             Origin             Length             Attributes
RAM              0x0000000020000000 0x0000000000005000 xrw
FLASH            0x0000000008000000 0x0000000000010000 xr
*default*        0x0000000000000000 0xffffffffffffffff

Linker script and memory map

LOAD c:/st/stm32cubeide_1.5.1/stm32cubeide/plugins/com.st.stm32cube.ide.mcu.externaltools.gnu-tools-for-stm32.7-2018-q2-update.win32_1.5.0.202011040924/tools/bin/../lib/gcc/arm-none-eabi/7.3.1/thumb/v7-m/crti.o
LOAD c:/st/stm32cubeide_1.5.1/stm32cubeide/plugins/com.st.stm32cube.ide.mcu.externaltools.gnu-tools-for-stm32.7-2018-q2-update.win32_1.5.0.202011040924/tools/bin/../lib/gcc/arm-none-eabi/7.3.1/thumb/v7-m/crtbegin.o
LOAD c:/st/stm32cubeide_1.5.1/stm32cubeide/plugins/com.st.stm32cube.ide.mcu.externaltools.gnu-tools-for-stm32.7-2018-q2-update.win32_1.5.0.202011040924/tools/bin/../lib/gcc/arm-none-eabi/7.3.1/../../../../arm-none-eabi/lib/thumb/v7-m/crt0.o
LOAD Core/Inc/MQTTConnectClient.o
LOAD Core/Inc/MQTTDeserializePublish.o
LOAD Core/Inc/MQTTFormat.o
LOAD Core/Inc/MQTTPacket.o
LOAD Core/Inc/MQTTSerializePublish.o
LOAD Core/Inc/MQTTSubscribeClient.o
LOAD Core/Inc/MQTTUnsubscribeClient.o
LOAD Core/Src/MQTTSim800.o
LOAD Core/Src/gpio.o
LOAD Core/Src/main.o
LOAD Core/Src/stm32f1xx_hal_msp.o
LOAD Core/Src/stm32f1xx_it.o
LOAD Core/Src/syscalls.o
LOAD Core/Src/sysmem.o
LOAD Core/Src/system_stm32f1xx.o
LOAD Core/Src/usart.o
LOAD Core/Startup/startup_stm32f103c8tx.o
LOAD Drivers/STM32F1xx_HAL_Driver/Src/stm32f1xx_hal.o
LOAD Drivers/STM32F1xx_HAL_Driver/Src/stm32f1xx_hal_cortex.o
LOAD Drivers/STM32F1xx_HAL_Driver/Src/stm32f1xx_hal_dma.o
LOAD Drivers/STM32F1xx_HAL_Driver/Src/stm32f1xx_hal_exti.o
LOAD Drivers/STM32F1xx_HAL_Driver/Src/stm32f1xx_hal_flash.o
LOAD Drivers/STM32F1xx_HAL_Driver/Src/stm32f1xx_hal_flash_ex.o
LOAD Drivers/STM32F1xx_HAL_Driver/Src/stm32f1xx_hal_gpio.o
LOAD Drivers/STM32F1xx_HAL_Driver/Src/stm32f1xx_hal_gpio_ex.o
LOAD Drivers/STM32F1xx_HAL_Driver/Src/stm32f1xx_hal_pwr.o
LOAD Drivers/STM32F1xx_HAL_Driver/Src/stm32f1xx_hal_rcc.o
LOAD Drivers/STM32F1xx_HAL_Driver/Src/stm32f1xx_hal_rcc_ex.o
LOAD Drivers/STM32F1xx_HAL_Driver/Src/stm32f1xx_hal_tim.o
LOAD Drivers/STM32F1xx_HAL_Driver/Src/stm32f1xx_hal_tim_ex.o
LOAD Drivers/STM32F1xx_HAL_Driver/Src/stm32f1xx_hal_uart.o
START GROUP
LOAD c:/st/stm32cubeide_1.5.1/stm32cubeide/plugins/com.st.stm32cube.ide.mcu.externaltools.gnu-tools-for-stm32.7-2018-q2-update.win32_1.5.0.202011040924/tools/bin/../lib/gcc/arm-none-eabi/7.3.1/../../../../arm-none-eabi/lib/thumb/v7-m\libc_nano.a
LOAD c:/st/stm32cubeide_1.5.1/stm32cubeide/plugins/com.st.stm32cube.ide.mcu.externaltools.gnu-tools-for-stm32.7-2018-q2-update.win32_1.5.0.202011040924/tools/bin/../lib/gcc/arm-none-eabi/7.3.1/../../../../arm-none-eabi/lib/thumb/v7-m\libm.a
END GROUP
START GROUP
LOAD c:/st/stm32cubeide_1.5.1/stm32cubeide/plugins/com.st.stm32cube.ide.mcu.externaltools.gnu-tools-for-stm32.7-2018-q2-update.win32_1.5.0.202011040924/tools/bin/../lib/gcc/arm-none-eabi/7.3.1/thumb/v7-m\libgcc.a
LOAD c:/st/stm32cubeide_1.5.1/stm32cubeide/plugins/com.st.stm32cube.ide.mcu.externaltools.gnu-tools-for-stm32.7-2018-q2-update.win32_1.5.0.202011040924/tools/bin/../lib/gcc/arm-none-eabi/7.3.1/../../../../arm-none-eabi/lib/thumb/v7-m\libc_nano.a
END GROUP
START GROUP
LOAD c:/st/stm32cubeide_1.5.1/stm32cubeide/plugins/com.st.stm32cube.ide.mcu.externaltools.gnu-tools-for-stm32.7-2018-q2-update.win32_1.5.0.202011040924/tools/bin/../lib/gcc/arm-none-eabi/7.3.1/thumb/v7-m\libgcc.a
LOAD c:/st/stm32cubeide_1.5.1/stm32cubeide/plugins/com.st.stm32cube.ide.mcu.externaltools.gnu-tools-for-stm32.7-2018-q2-update.win32_1.5.0.202011040924/tools/bin/../lib/gcc/arm-none-eabi/7.3.1/../../../../arm-none-eabi/lib/thumb/v7-m\libc_nano.a
LOAD c:/st/stm32cubeide_1.5.1/stm32cubeide/plugins/com.st.stm32cube.ide.mcu.externaltools.gnu-tools-for-stm32.7-2018-q2-update.win32_1.5.0.202011040924/tools/bin/../lib/gcc/arm-none-eabi/7.3.1/../../../../arm-none-eabi/lib/thumb/v7-m\libnosys.a
END GROUP
START GROUP
LOAD c:/st/stm32cubeide_1.5.1/stm32cubeide/plugins/com.st.stm32cube.ide.mcu.externaltools.gnu-tools-for-stm32.7-2018-q2-update.win32_1.5.0.202011040924/tools/bin/../lib/gcc/arm-none-eabi/7.3.1/thumb/v7-m\libgcc.a
LOAD c:/st/stm32cubeide_1.5.1/stm32cubeide/plugins/com.st.stm32cube.ide.mcu.externaltools.gnu-tools-for-stm32.7-2018-q2-update.win32_1.5.0.202011040924/tools/bin/../lib/gcc/arm-none-eabi/7.3.1/../../../../arm-none-eabi/lib/thumb/v7-m\libc_nano.a
LOAD c:/st/stm32cubeide_1.5.1/stm32cubeide/plugins/com.st.stm32cube.ide.mcu.externaltools.gnu-tools-for-stm32.7-2018-q2-update.win32_1.5.0.202011040924/tools/bin/../lib/gcc/arm-none-eabi/7.3.1/../../../../arm-none-eabi/lib/thumb/v7-m\libnosys.a
END GROUP
LOAD c:/st/stm32cubeide_1.5.1/stm32cubeide/plugins/com.st.stm32cube.ide.mcu.externaltools.gnu-tools-for-stm32.7-2018-q2-update.win32_1.5.0.202011040924/tools/bin/../lib/gcc/arm-none-eabi/7.3.1/thumb/v7-m/crtend.o
LOAD c:/st/stm32cubeide_1.5.1/stm32cubeide/plugins/com.st.stm32cube.ide.mcu.externaltools.gnu-tools-for-stm32.7-2018-q2-update.win32_1.5.0.202011040924/tools/bin/../lib/gcc/arm-none-eabi/7.3.1/thumb/v7-m/crtn.o
                0x0000000020005000                _estack = (ORIGIN (RAM) + LENGTH (RAM))
                0x0000000000000200                _Min_Heap_Size = 0x200
                0x0000000000000400                _Min_Stack_Size = 0x400

.isr_vector     0x0000000008000000      0x10c
                0x0000000008000000                . = ALIGN (0x4)
 *(.isr_vector)
 .isr_vector    0x0000000008000000      0x10c Core/Startup/startup_stm32f103c8tx.o
                0x0000000008000000                g_pfnVectors
                0x000000000800010c                . = ALIGN (0x4)

.text           0x000000000800010c     0x406c
                0x000000000800010c                . = ALIGN (0x4)
 *(.text)
 .text          0x000000000800010c       0x40 c:/st/stm32cubeide_1.5.1/stm32cubeide/plugins/com.st.stm32cube.ide.mcu.externaltools.gnu-tools-for-stm32.7-2018-q2-update.win32_1.5.0.202011040924/tools/bin/../lib/gcc/arm-none-eabi/7.3.1/thumb/v7-m/crtbegin.o
 .text          0x000000000800014c       0x10 c:/st/stm32cubeide_1.5.1/stm32cubeide/plugins/com.st.stm32cube.ide.mcu.externaltools.gnu-tools-for-stm32.7-2018-q2-update.win32_1.5.0.202011040924/tools/bin/../lib/gcc/arm-none-eabi/7.3.1/../../../../arm-none-eabi/lib/thumb/v7-m\libc_nano.a(lib_a-strlen.o)
                0x000000000800014c                strlen
 *(.text*)
 .text.MQTTSerialize_connectLength
                0x000000000800015c       0xc2 Core/Inc/MQTTConnectClient.o
                0x000000000800015c                MQTTSerialize_connectLength
 *fill*         0x000000000800021e        0x2 
 .text.MQTTSerialize_connect
                0x0000000008000220      0x1dc Core/Inc/MQTTConnectClient.o
                0x0000000008000220                MQTTSerialize_connect
 .text.MQTTDeserialize_publish
                0x00000000080003fc       0xe4 Core/Inc/MQTTDeserializePublish.o
                0x00000000080003fc                MQTTDeserialize_publish
 .text.MQTTPacket_encode
                0x00000000080004e0       0x5c Core/Inc/MQTTPacket.o
                0x00000000080004e0                MQTTPacket_encode
 .text.MQTTPacket_decode
                0x000000000800053c       0x78 Core/Inc/MQTTPacket.o
                0x000000000800053c                MQTTPacket_decode
 .text.MQTTPacket_len
                0x00000000080005b4       0x54 Core/Inc/MQTTPacket.o
                0x00000000080005b4                MQTTPacket_len
 .text.bufchar  0x0000000008000608       0x40 Core/Inc/MQTTPacket.o
                0x0000000008000608                bufchar
 .text.MQTTPacket_decodeBuf
                0x0000000008000648       0x2c Core/Inc/MQTTPacket.o
                0x0000000008000648                MQTTPacket_decodeBuf
 .text.readInt  0x0000000008000674       0x34 Core/Inc/MQTTPacket.o
                0x0000000008000674                readInt
 .text.readChar
                0x00000000080006a8       0x26 Core/Inc/MQTTPacket.o
                0x00000000080006a8                readChar
 .text.writeChar
                0x00000000080006ce       0x28 Core/Inc/MQTTPacket.o
                0x00000000080006ce                writeChar
 .text.writeInt
                0x00000000080006f6       0x50 Core/Inc/MQTTPacket.o
                0x00000000080006f6                writeInt
 .text.writeCString
                0x0000000008000746       0x3e Core/Inc/MQTTPacket.o
                0x0000000008000746                writeCString
 .text.writeMQTTString
                0x0000000008000784       0x5c Core/Inc/MQTTPacket.o
                0x0000000008000784                writeMQTTString
 .text.readMQTTLenString
                0x00000000080007e0       0x62 Core/Inc/MQTTPacket.o
                0x00000000080007e0                readMQTTLenString
 .text.MQTTstrlen
                0x0000000008000842       0x32 Core/Inc/MQTTPacket.o
                0x0000000008000842                MQTTstrlen
 .text.MQTTSerialize_publishLength
                0x0000000008000874       0x40 Core/Inc/MQTTSerializePublish.o
                0x0000000008000874                MQTTSerialize_publishLength
 .text.MQTTSerialize_publish
                0x00000000080008b4       0xee Core/Inc/MQTTSerializePublish.o
                0x00000000080008b4                MQTTSerialize_publish
 .text.MQTTSerialize_subscribeLength
                0x00000000080009a2       0x4e Core/Inc/MQTTSubscribeClient.o
                0x00000000080009a2                MQTTSerialize_subscribeLength
 .text.MQTTSerialize_subscribe
                0x00000000080009f0       0xfa Core/Inc/MQTTSubscribeClient.o
                0x00000000080009f0                MQTTSerialize_subscribe
 *fill*         0x0000000008000aea        0x2 
 .text.Sim800_RxCallBack
                0x0000000008000aec      0x170 Core/Src/MQTTSim800.o
                0x0000000008000aec                Sim800_RxCallBack
 .text.clearRxBuffer
                0x0000000008000c5c       0x24 Core/Src/MQTTSim800.o
                0x0000000008000c5c                clearRxBuffer
 .text.clearMqttBuffer
                0x0000000008000c80       0x2c Core/Src/MQTTSim800.o
                0x0000000008000c80                clearMqttBuffer
 .text.SIM800_SendCommand
                0x0000000008000cac       0x58 Core/Src/MQTTSim800.o
                0x0000000008000cac                SIM800_SendCommand
 .text.MQTT_Init
                0x0000000008000d04       0xf8 Core/Src/MQTTSim800.o
                0x0000000008000d04                MQTT_Init
 .text.MQTT_Connect
                0x0000000008000dfc       0xf0 Core/Src/MQTTSim800.o
                0x0000000008000dfc                MQTT_Connect
 .text.MQTT_Pub
                0x0000000008000eec       0xa0 Core/Src/MQTTSim800.o
                0x0000000008000eec                MQTT_Pub
 .text.MQTT_Sub
                0x0000000008000f8c       0x88 Core/Src/MQTTSim800.o
                0x0000000008000f8c                MQTT_Sub
 .text.MQTT_Receive
                0x0000000008001014       0x94 Core/Src/MQTTSim800.o
                0x0000000008001014                MQTT_Receive
 .text.MX_GPIO_Init
                0x00000000080010a8       0x98 Core/Src/gpio.o
                0x00000000080010a8                MX_GPIO_Init
 .text.HAL_UART_RxCpltCallback
                0x0000000008001140       0x20 Core/Src/main.o
                0x0000000008001140                HAL_UART_RxCpltCallback
 .text.main     0x0000000008001160       0xf0 Core/Src/main.o
                0x0000000008001160                main
 .text.SystemClock_Config
                0x0000000008001250       0x76 Core/Src/main.o
                0x0000000008001250                SystemClock_Config
 .text.Error_Handler
                0x00000000080012c6        0x8 Core/Src/main.o
                0x00000000080012c6                Error_Handler
 *fill*         0x00000000080012ce        0x2 
 .text.HAL_MspInit
                0x00000000080012d0       0x64 Core/Src/stm32f1xx_hal_msp.o
                0x00000000080012d0                HAL_MspInit
 .text.NMI_Handler
                0x0000000008001334        0x6 Core/Src/stm32f1xx_it.o
                0x0000000008001334                NMI_Handler
 .text.HardFault_Handler
                0x000000000800133a        0x6 Core/Src/stm32f1xx_it.o
                0x000000000800133a                HardFault_Handler
 .text.MemManage_Handler
                0x0000000008001340        0x6 Core/Src/stm32f1xx_it.o
                0x0000000008001340                MemManage_Handler
 .text.BusFault_Handler
                0x0000000008001346        0x6 Core/Src/stm32f1xx_it.o
                0x0000000008001346                BusFault_Handler
 .text.UsageFault_Handler
                0x000000000800134c        0x6 Core/Src/stm32f1xx_it.o
                0x000000000800134c                UsageFault_Handler
 .text.SVC_Handler
                0x0000000008001352        0xc Core/Src/stm32f1xx_it.o
                0x0000000008001352                SVC_Handler
 .text.DebugMon_Handler
                0x000000000800135e        0xc Core/Src/stm32f1xx_it.o
                0x000000000800135e                DebugMon_Handler
 .text.PendSV_Handler
                0x000000000800136a        0xc Core/Src/stm32f1xx_it.o
                0x000000000800136a                PendSV_Handler
 .text.SysTick_Handler
                0x0000000008001376        0xc Core/Src/stm32f1xx_it.o
                0x0000000008001376                SysTick_Handler
 *fill*         0x0000000008001382        0x2 
 .text.USART1_IRQHandler
                0x0000000008001384       0x14 Core/Src/stm32f1xx_it.o
                0x0000000008001384                USART1_IRQHandler
 .text.USART3_IRQHandler
                0x0000000008001398       0x14 Core/Src/stm32f1xx_it.o
                0x0000000008001398                USART3_IRQHandler
 .text._read    0x00000000080013ac       0x3a Core/Src/syscalls.o
                0x00000000080013ac                _read
 .text._write   0x00000000080013e6       0x38 Core/Src/syscalls.o
                0x00000000080013e6                _write
 .text._close   0x000000000800141e       0x16 Core/Src/syscalls.o
                0x000000000800141e                _close
 .text._fstat   0x0000000008001434       0x1e Core/Src/syscalls.o
                0x0000000008001434                _fstat
 .text._isatty  0x0000000008001452       0x14 Core/Src/syscalls.o
                0x0000000008001452                _isatty
 .text._lseek   0x0000000008001466       0x18 Core/Src/syscalls.o
                0x0000000008001466                _lseek
 *fill*         0x000000000800147e        0x2 
 .text._sbrk    0x0000000008001480       0x6c Core/Src/sysmem.o
                0x0000000008001480                _sbrk
 .text.SystemInit
                0x00000000080014ec        0xc Core/Src/system_stm32f1xx.o
                0x00000000080014ec                SystemInit
 .text.MX_USART1_UART_Init
                0x00000000080014f8       0x54 Core/Src/usart.o
                0x00000000080014f8                MX_USART1_UART_Init
 .text.MX_USART3_UART_Init
                0x000000000800154c       0x54 Core/Src/usart.o
                0x000000000800154c                MX_USART3_UART_Init
 .text.HAL_UART_MspInit
                0x00000000080015a0      0x130 Core/Src/usart.o
                0x00000000080015a0                HAL_UART_MspInit
 .text.Reset_Handler
                0x00000000080016d0       0x48 Core/Startup/startup_stm32f103c8tx.o
                0x00000000080016d0                Reset_Handler
 .text.Default_Handler
                0x0000000008001718        0x2 Core/Startup/startup_stm32f103c8tx.o
                0x0000000008001718                RTC_Alarm_IRQHandler
                0x0000000008001718                EXTI2_IRQHandler
                0x0000000008001718                TIM1_CC_IRQHandler
                0x0000000008001718                PVD_IRQHandler
                0x0000000008001718                EXTI3_IRQHandler
                0x0000000008001718                EXTI0_IRQHandler
                0x0000000008001718                I2C2_EV_IRQHandler
                0x0000000008001718                ADC1_2_IRQHandler
                0x0000000008001718                SPI1_IRQHandler
                0x0000000008001718                TAMPER_IRQHandler
                0x0000000008001718                DMA1_Channel4_IRQHandler
                0x0000000008001718                RTC_IRQHandler
                0x0000000008001718                DMA1_Channel7_IRQHandler
                0x0000000008001718                CAN1_RX1_IRQHandler
                0x0000000008001718                TIM4_IRQHandler
                0x0000000008001718                I2C1_EV_IRQHandler
                0x0000000008001718                DMA1_Channel6_IRQHandler
                0x0000000008001718                TIM3_IRQHandler
                0x0000000008001718                RCC_IRQHandler
                0x0000000008001718                TIM1_TRG_COM_IRQHandler
                0x0000000008001718                DMA1_Channel1_IRQHandler
                0x0000000008001718                Default_Handler
                0x0000000008001718                EXTI15_10_IRQHandler
                0x0000000008001718                EXTI9_5_IRQHandler
                0x0000000008001718                SPI2_IRQHandler
                0x0000000008001718                DMA1_Channel5_IRQHandler
                0x0000000008001718                EXTI4_IRQHandler
                0x0000000008001718                USB_LP_CAN1_RX0_IRQHandler
                0x0000000008001718                USB_HP_CAN1_TX_IRQHandler
                0x0000000008001718                DMA1_Channel3_IRQHandler
                0x0000000008001718                TIM1_UP_IRQHandler
                0x0000000008001718                WWDG_IRQHandler
                0x0000000008001718                TIM2_IRQHandler
                0x0000000008001718                TIM1_BRK_IRQHandler
                0x0000000008001718                EXTI1_IRQHandler
                0x0000000008001718                USART2_IRQHandler
                0x0000000008001718                I2C2_ER_IRQHandler
                0x0000000008001718                DMA1_Channel2_IRQHandler
                0x0000000008001718                CAN1_SCE_IRQHandler
                0x0000000008001718                FLASH_IRQHandler
                0x0000000008001718                I2C1_ER_IRQHandler
                0x0000000008001718                USBWakeUp_IRQHandler
 *fill*         0x000000000800171a        0x2 
 .text.HAL_Init
                0x000000000800171c       0x2c Drivers/STM32F1xx_HAL_Driver/Src/stm32f1xx_hal.o
                0x000000000800171c                HAL_Init
 .text.HAL_InitTick
                0x0000000008001748       0x60 Drivers/STM32F1xx_HAL_Driver/Src/stm32f1xx_hal.o
                0x0000000008001748                HAL_InitTick
 .text.HAL_IncTick
                0x00000000080017a8       0x24 Drivers/STM32F1xx_HAL_Driver/Src/stm32f1xx_hal.o
                0x00000000080017a8                HAL_IncTick
 .text.HAL_GetTick
                0x00000000080017cc       0x14 Drivers/STM32F1xx_HAL_Driver/Src/stm32f1xx_hal.o
                0x00000000080017cc                HAL_GetTick
 .text.HAL_Delay
                0x00000000080017e0       0x44 Drivers/STM32F1xx_HAL_Driver/Src/stm32f1xx_hal.o
                0x00000000080017e0                HAL_Delay
 .text.__NVIC_SetPriorityGrouping
                0x0000000008001824       0x48 Drivers/STM32F1xx_HAL_Driver/Src/stm32f1xx_hal_cortex.o
 .text.__NVIC_GetPriorityGrouping
                0x000000000800186c       0x1c Drivers/STM32F1xx_HAL_Driver/Src/stm32f1xx_hal_cortex.o
 .text.__NVIC_EnableIRQ
                0x0000000008001888       0x38 Drivers/STM32F1xx_HAL_Driver/Src/stm32f1xx_hal_cortex.o
 .text.__NVIC_SetPriority
                0x00000000080018c0       0x54 Drivers/STM32F1xx_HAL_Driver/Src/stm32f1xx_hal_cortex.o
 .text.NVIC_EncodePriority
                0x0000000008001914       0x64 Drivers/STM32F1xx_HAL_Driver/Src/stm32f1xx_hal_cortex.o
 .text.SysTick_Config
                0x0000000008001978       0x44 Drivers/STM32F1xx_HAL_Driver/Src/stm32f1xx_hal_cortex.o
 .text.HAL_NVIC_SetPriorityGrouping
                0x00000000080019bc       0x16 Drivers/STM32F1xx_HAL_Driver/Src/stm32f1xx_hal_cortex.o
                0x00000000080019bc                HAL_NVIC_SetPriorityGrouping
 .text.HAL_NVIC_SetPriority
                0x00000000080019d2       0x38 Drivers/STM32F1xx_HAL_Driver/Src/stm32f1xx_hal_cortex.o
                0x00000000080019d2                HAL_NVIC_SetPriority
 .text.HAL_NVIC_EnableIRQ
                0x0000000008001a0a       0x1c Drivers/STM32F1xx_HAL_Driver/Src/stm32f1xx_hal_cortex.o
                0x0000000008001a0a                HAL_NVIC_EnableIRQ
 .text.HAL_SYSTICK_Config
                0x0000000008001a26       0x18 Drivers/STM32F1xx_HAL_Driver/Src/stm32f1xx_hal_cortex.o
                0x0000000008001a26                HAL_SYSTICK_Config
 *fill*         0x0000000008001a3e        0x2 
 .text.HAL_DMA_Abort_IT
                0x0000000008001a40       0xec Drivers/STM32F1xx_HAL_Driver/Src/stm32f1xx_hal_dma.o
                0x0000000008001a40                HAL_DMA_Abort_IT
 .text.HAL_GPIO_Init
                0x0000000008001b2c      0x2b4 Drivers/STM32F1xx_HAL_Driver/Src/stm32f1xx_hal_gpio.o
                0x0000000008001b2c                HAL_GPIO_Init
 .text.HAL_GPIO_WritePin
                0x0000000008001de0       0x30 Drivers/STM32F1xx_HAL_Driver/Src/stm32f1xx_hal_gpio.o
                0x0000000008001de0                HAL_GPIO_WritePin
 .text.HAL_RCC_OscConfig
                0x0000000008001e10      0x500 Drivers/STM32F1xx_HAL_Driver/Src/stm32f1xx_hal_rcc.o
                0x0000000008001e10                HAL_RCC_OscConfig
 .text.HAL_RCC_ClockConfig
                0x0000000008002310      0x1d4 Drivers/STM32F1xx_HAL_Driver/Src/stm32f1xx_hal_rcc.o
                0x0000000008002310                HAL_RCC_ClockConfig
 .text.HAL_RCC_GetSysClockFreq
                0x00000000080024e4       0xc4 Drivers/STM32F1xx_HAL_Driver/Src/stm32f1xx_hal_rcc.o
                0x00000000080024e4                HAL_RCC_GetSysClockFreq
 .text.HAL_RCC_GetHCLKFreq
                0x00000000080025a8       0x14 Drivers/STM32F1xx_HAL_Driver/Src/stm32f1xx_hal_rcc.o
                0x00000000080025a8                HAL_RCC_GetHCLKFreq
 .text.HAL_RCC_GetPCLK1Freq
                0x00000000080025bc       0x28 Drivers/STM32F1xx_HAL_Driver/Src/stm32f1xx_hal_rcc.o
                0x00000000080025bc                HAL_RCC_GetPCLK1Freq
 .text.HAL_RCC_GetPCLK2Freq
                0x00000000080025e4       0x28 Drivers/STM32F1xx_HAL_Driver/Src/stm32f1xx_hal_rcc.o
                0x00000000080025e4                HAL_RCC_GetPCLK2Freq
 .text.RCC_Delay
                0x000000000800260c       0x3c Drivers/STM32F1xx_HAL_Driver/Src/stm32f1xx_hal_rcc.o
 .text.HAL_UART_Init
                0x0000000008002648       0x9a Drivers/STM32F1xx_HAL_Driver/Src/stm32f1xx_hal_uart.o
                0x0000000008002648                HAL_UART_Init
 .text.HAL_UART_Transmit_IT
                0x00000000080026e2       0x88 Drivers/STM32F1xx_HAL_Driver/Src/stm32f1xx_hal_uart.o
                0x00000000080026e2                HAL_UART_Transmit_IT
 .text.HAL_UART_Receive_IT
                0x000000000800276a       0xa8 Drivers/STM32F1xx_HAL_Driver/Src/stm32f1xx_hal_uart.o
                0x000000000800276a                HAL_UART_Receive_IT
 *fill*         0x0000000008002812        0x2 
 .text.HAL_UART_IRQHandler
                0x0000000008002814      0x200 Drivers/STM32F1xx_HAL_Driver/Src/stm32f1xx_hal_uart.o
                0x0000000008002814                HAL_UART_IRQHandler
 .text.HAL_UART_TxCpltCallback
                0x0000000008002a14       0x12 Drivers/STM32F1xx_HAL_Driver/Src/stm32f1xx_hal_uart.o
                0x0000000008002a14                HAL_UART_TxCpltCallback
 .text.HAL_UART_ErrorCallback
                0x0000000008002a26       0x12 Drivers/STM32F1xx_HAL_Driver/Src/stm32f1xx_hal_uart.o
                0x0000000008002a26                HAL_UART_ErrorCallback
 .text.UART_EndRxTransfer
                0x0000000008002a38       0x3a Drivers/STM32F1xx_HAL_Driver/Src/stm32f1xx_hal_uart.o
 .text.UART_DMAAbortOnError
                0x0000000008002a72       0x28 Drivers/STM32F1xx_HAL_Driver/Src/stm32f1xx_hal_uart.o
 .text.UART_Transmit_IT
                0x0000000008002a9a       0x9e Drivers/STM32F1xx_HAL_Driver/Src/stm32f1xx_hal_uart.o
 .text.UART_EndTransmit_IT
                0x0000000008002b38       0x30 Drivers/STM32F1xx_HAL_Driver/Src/stm32f1xx_hal_uart.o
 .text.UART_Receive_IT
                0x0000000008002b68      0x100 Drivers/STM32F1xx_HAL_Driver/Src/stm32f1xx_hal_uart.o
 .text.UART_SetConfig
                0x0000000008002c68      0x11c Drivers/STM32F1xx_HAL_Driver/Src/stm32f1xx_hal_uart.o
 .text.atoi     0x0000000008002d84        0x8 c:/st/stm32cubeide_1.5.1/stm32cubeide/plugins/com.st.stm32cube.ide.mcu.externaltools.gnu-tools-for-stm32.7-2018-q2-update.win32_1.5.0.202011040924/tools/bin/../lib/gcc/arm-none-eabi/7.3.1/../../../../arm-none-eabi/lib/thumb/v7-m\libc_nano.a(lib_a-atoi.o)
                0x0000000008002d84                atoi
 .text.__errno  0x0000000008002d8c        0xc c:/st/stm32cubeide_1.5.1/stm32cubeide/plugins/com.st.stm32cube.ide.mcu.externaltools.gnu-tools-for-stm32.7-2018-q2-update.win32_1.5.0.202011040924/tools/bin/../lib/gcc/arm-none-eabi/7.3.1/../../../../arm-none-eabi/lib/thumb/v7-m\libc_nano.a(lib_a-errno.o)
                0x0000000008002d8c                __errno
 .text.__libc_init_array
                0x0000000008002d98       0x48 c:/st/stm32cubeide_1.5.1/stm32cubeide/plugins/com.st.stm32cube.ide.mcu.externaltools.gnu-tools-for-stm32.7-2018-q2-update.win32_1.5.0.202011040924/tools/bin/../lib/gcc/arm-none-eabi/7.3.1/../../../../arm-none-eabi/lib/thumb/v7-m\libc_nano.a(lib_a-init.o)
                0x0000000008002d98                __libc_init_array
 .text.memcpy   0x0000000008002de0       0x16 c:/st/stm32cubeide_1.5.1/stm32cubeide/plugins/com.st.stm32cube.ide.mcu.externaltools.gnu-tools-for-stm32.7-2018-q2-update.win32_1.5.0.202011040924/tools/bin/../lib/gcc/arm-none-eabi/7.3.1/../../../../arm-none-eabi/lib/thumb/v7-m\libc_nano.a(lib_a-memcpy-stub.o)
                0x0000000008002de0                memcpy
 .text.memset   0x0000000008002df6       0x10 c:/st/stm32cubeide_1.5.1/stm32cubeide/plugins/com.st.stm32cube.ide.mcu.externaltools.gnu-tools-for-stm32.7-2018-q2-update.win32_1.5.0.202011040924/tools/bin/../lib/gcc/arm-none-eabi/7.3.1/../../../../arm-none-eabi/lib/thumb/v7-m\libc_nano.a(lib_a-memset.o)
                0x0000000008002df6                memset
 *fill*         0x0000000008002e06        0x2 
 .text.printf   0x0000000008002e08       0x30 c:/st/stm32cubeide_1.5.1/stm32cubeide/plugins/com.st.stm32cube.ide.mcu.externaltools.gnu-tools-for-stm32.7-2018-q2-update.win32_1.5.0.202011040924/tools/bin/../lib/gcc/arm-none-eabi/7.3.1/../../../../arm-none-eabi/lib/thumb/v7-m\libc_nano.a(lib_a-printf.o)
                0x0000000008002e08                iprintf
                0x0000000008002e08                printf
 .text.snprintf
                0x0000000008002e38       0x68 c:/st/stm32cubeide_1.5.1/stm32cubeide/plugins/com.st.stm32cube.ide.mcu.externaltools.gnu-tools-for-stm32.7-2018-q2-update.win32_1.5.0.202011040924/tools/bin/../lib/gcc/arm-none-eabi/7.3.1/../../../../arm-none-eabi/lib/thumb/v7-m\libc_nano.a(lib_a-snprintf.o)
                0x0000000008002e38                sniprintf
                0x0000000008002e38                snprintf
 .text.sprintf  0x0000000008002ea0       0x40 c:/st/stm32cubeide_1.5.1/stm32cubeide/plugins/com.st.stm32cube.ide.mcu.externaltools.gnu-tools-for-stm32.7-2018-q2-update.win32_1.5.0.202011040924/tools/bin/../lib/gcc/arm-none-eabi/7.3.1/../../../../arm-none-eabi/lib/thumb/v7-m\libc_nano.a(lib_a-sprintf.o)
                0x0000000008002ea0                siprintf
                0x0000000008002ea0                sprintf
 .text.strstr   0x0000000008002ee0       0x34 c:/st/stm32cubeide_1.5.1/stm32cubeide/plugins/com.st.stm32cube.ide.mcu.externaltools.gnu-tools-for-stm32.7-2018-q2-update.win32_1.5.0.202011040924/tools/bin/../lib/gcc/arm-none-eabi/7.3.1/../../../../arm-none-eabi/lib/thumb/v7-m\libc_nano.a(lib_a-strstr.o)
                0x0000000008002ee0                strstr
 .text._strtol_l.isra.0
                0x0000000008002f14       0xf6 c:/st/stm32cubeide_1.5.1/stm32cubeide/plugins/com.st.stm32cube.ide.mcu.externaltools.gnu-tools-for-stm32.7-2018-q2-update.win32_1.5.0.202011040924/tools/bin/../lib/gcc/arm-none-eabi/7.3.1/../../../../arm-none-eabi/lib/thumb/v7-m\libc_nano.a(lib_a-strtol.o)
 *fill*         0x000000000800300a        0x2 
 .text.strtol   0x000000000800300c       0x2c c:/st/stm32cubeide_1.5.1/stm32cubeide/plugins/com.st.stm32cube.ide.mcu.externaltools.gnu-tools-for-stm32.7-2018-q2-update.win32_1.5.0.202011040924/tools/bin/../lib/gcc/arm-none-eabi/7.3.1/../../../../arm-none-eabi/lib/thumb/v7-m\libc_nano.a(lib_a-strtol.o)
                0x000000000800300c                strtol
 .text.std      0x0000000008003038       0x48 c:/st/stm32cubeide_1.5.1/stm32cubeide/plugins/com.st.stm32cube.ide.mcu.externaltools.gnu-tools-for-stm32.7-2018-q2-update.win32_1.5.0.202011040924/tools/bin/../lib/gcc/arm-none-eabi/7.3.1/../../../../arm-none-eabi/lib/thumb/v7-m\libc_nano.a(lib_a-findfp.o)
 .text._cleanup_r
                0x0000000008003080        0xc c:/st/stm32cubeide_1.5.1/stm32cubeide/plugins/com.st.stm32cube.ide.mcu.externaltools.gnu-tools-for-stm32.7-2018-q2-update.win32_1.5.0.202011040924/tools/bin/../lib/gcc/arm-none-eabi/7.3.1/../../../../arm-none-eabi/lib/thumb/v7-m\libc_nano.a(lib_a-findfp.o)
                0x0000000008003080                _cleanup_r
 .text.__sfmoreglue
                0x000000000800308c       0x2c c:/st/stm32cubeide_1.5.1/stm32cubeide/plugins/com.st.stm32cube.ide.mcu.externaltools.gnu-tools-for-stm32.7-2018-q2-update.win32_1.5.0.202011040924/tools/bin/../lib/gcc/arm-none-eabi/7.3.1/../../../../arm-none-eabi/lib/thumb/v7-m\libc_nano.a(lib_a-findfp.o)
                0x000000000800308c                __sfmoreglue
 .text.__sinit  0x00000000080030b8       0x60 c:/st/stm32cubeide_1.5.1/stm32cubeide/plugins/com.st.stm32cube.ide.mcu.externaltools.gnu-tools-for-stm32.7-2018-q2-update.win32_1.5.0.202011040924/tools/bin/../lib/gcc/arm-none-eabi/7.3.1/../../../../arm-none-eabi/lib/thumb/v7-m\libc_nano.a(lib_a-findfp.o)
                0x00000000080030b8                __sinit
 .text.__sfp    0x0000000008003118       0x78 c:/st/stm32cubeide_1.5.1/stm32cubeide/plugins/com.st.stm32cube.ide.mcu.externaltools.gnu-tools-for-stm32.7-2018-q2-update.win32_1.5.0.202011040924/tools/bin/../lib/gcc/arm-none-eabi/7.3.1/../../../../arm-none-eabi/lib/thumb/v7-m\libc_nano.a(lib_a-findfp.o)
                0x0000000008003118                __sfp
 .text._fwalk_reent
                0x0000000008003190       0x3c c:/st/stm32cubeide_1.5.1/stm32cubeide/plugins/com.st.stm32cube.ide.mcu.externaltools.gnu-tools-for-stm32.7-2018-q2-update.win32_1.5.0.202011040924/tools/bin/../lib/gcc/arm-none-eabi/7.3.1/../../../../arm-none-eabi/lib/thumb/v7-m\libc_nano.a(lib_a-fwalk.o)
                0x0000000008003190                _fwalk_reent
 .text.__locale_ctype_ptr_l
                0x00000000080031cc        0x6 c:/st/stm32cubeide_1.5.1/stm32cubeide/plugins/com.st.stm32cube.ide.mcu.externaltools.gnu-tools-for-stm32.7-2018-q2-update.win32_1.5.0.202011040924/tools/bin/../lib/gcc/arm-none-eabi/7.3.1/../../../../arm-none-eabi/lib/thumb/v7-m\libc_nano.a(lib_a-locale.o)
                0x00000000080031cc                __locale_ctype_ptr_l
 .text.__ascii_mbtowc
                0x00000000080031d2       0x24 c:/st/stm32cubeide_1.5.1/stm32cubeide/plugins/com.st.stm32cube.ide.mcu.externaltools.gnu-tools-for-stm32.7-2018-q2-update.win32_1.5.0.202011040924/tools/bin/../lib/gcc/arm-none-eabi/7.3.1/../../../../arm-none-eabi/lib/thumb/v7-m\libc_nano.a(lib_a-mbtowc_r.o)
                0x00000000080031d2                __ascii_mbtowc
 *fill*         0x00000000080031f6        0x2 
 .text._malloc_r
                0x00000000080031f8       0xb4 c:/st/stm32cubeide_1.5.1/stm32cubeide/plugins/com.st.stm32cube.ide.mcu.externaltools.gnu-tools-for-stm32.7-2018-q2-update.win32_1.5.0.202011040924/tools/bin/../lib/gcc/arm-none-eabi/7.3.1/../../../../arm-none-eabi/lib/thumb/v7-m\libc_nano.a(lib_a-nano-mallocr.o)
                0x00000000080031f8                _malloc_r
 .text.__ssputs_r
                0x00000000080032ac       0xb4 c:/st/stm32cubeide_1.5.1/stm32cubeide/plugins/com.st.stm32cube.ide.mcu.externaltools.gnu-tools-for-stm32.7-2018-q2-update.win32_1.5.0.202011040924/tools/bin/../lib/gcc/arm-none-eabi/7.3.1/../../../../arm-none-eabi/lib/thumb/v7-m\libc_nano.a(lib_a-nano-svfprintf.o)
                0x00000000080032ac                __ssputs_r
 .text._svfprintf_r
                0x0000000008003360      0x1f0 c:/st/stm32cubeide_1.5.1/stm32cubeide/plugins/com.st.stm32cube.ide.mcu.externaltools.gnu-tools-for-stm32.7-2018-q2-update.win32_1.5.0.202011040924/tools/bin/../lib/gcc/arm-none-eabi/7.3.1/../../../../arm-none-eabi/lib/thumb/v7-m\libc_nano.a(lib_a-nano-svfprintf.o)
                0x0000000008003360                _svfiprintf_r
                0x0000000008003360                _svfprintf_r
 .text.__sfputc_r
                0x0000000008003550       0x2a c:/st/stm32cubeide_1.5.1/stm32cubeide/plugins/com.st.stm32cube.ide.mcu.externaltools.gnu-tools-for-stm32.7-2018-q2-update.win32_1.5.0.202011040924/tools/bin/../lib/gcc/arm-none-eabi/7.3.1/../../../../arm-none-eabi/lib/thumb/v7-m\libc_nano.a(lib_a-nano-vfprintf.o)
 .text.__sfputs_r
                0x000000000800357a       0x24 c:/st/stm32cubeide_1.5.1/stm32cubeide/plugins/com.st.stm32cube.ide.mcu.externaltools.gnu-tools-for-stm32.7-2018-q2-update.win32_1.5.0.202011040924/tools/bin/../lib/gcc/arm-none-eabi/7.3.1/../../../../arm-none-eabi/lib/thumb/v7-m\libc_nano.a(lib_a-nano-vfprintf.o)
                0x000000000800357a                __sfputs_r
 *fill*         0x000000000800359e        0x2 
 .text._vfprintf_r
                0x00000000080035a0      0x22c c:/st/stm32cubeide_1.5.1/stm32cubeide/plugins/com.st.stm32cube.ide.mcu.externaltools.gnu-tools-for-stm32.7-2018-q2-update.win32_1.5.0.202011040924/tools/bin/../lib/gcc/arm-none-eabi/7.3.1/../../../../arm-none-eabi/lib/thumb/v7-m\libc_nano.a(lib_a-nano-vfprintf.o)
                0x00000000080035a0                _vfprintf_r
                0x00000000080035a0                _vfiprintf_r
 .text._printf_common
                0x00000000080037cc       0xec c:/st/stm32cubeide_1.5.1/stm32cubeide/plugins/com.st.stm32cube.ide.mcu.externaltools.gnu-tools-for-stm32.7-2018-q2-update.win32_1.5.0.202011040924/tools/bin/../lib/gcc/arm-none-eabi/7.3.1/../../../../arm-none-eabi/lib/thumb/v7-m\libc_nano.a(lib_a-nano-vfprintf_i.o)
                0x00000000080037cc                _printf_common
 .text._printf_i
                0x00000000080038b8      0x224 c:/st/stm32cubeide_1.5.1/stm32cubeide/plugins/com.st.stm32cube.ide.mcu.externaltools.gnu-tools-for-stm32.7-2018-q2-update.win32_1.5.0.202011040924/tools/bin/../lib/gcc/arm-none-eabi/7.3.1/../../../../arm-none-eabi/lib/thumb/v7-m\libc_nano.a(lib_a-nano-vfprintf_i.o)
                0x00000000080038b8                _printf_i
 .text._sbrk_r  0x0000000008003adc       0x20 c:/st/stm32cubeide_1.5.1/stm32cubeide/plugins/com.st.stm32cube.ide.mcu.externaltools.gnu-tools-for-stm32.7-2018-q2-update.win32_1.5.0.202011040924/tools/bin/../lib/gcc/arm-none-eabi/7.3.1/../../../../arm-none-eabi/lib/thumb/v7-m\libc_nano.a(lib_a-sbrkr.o)
                0x0000000008003adc                _sbrk_r
 .text.__sread  0x0000000008003afc       0x22 c:/st/stm32cubeide_1.5.1/stm32cubeide/plugins/com.st.stm32cube.ide.mcu.externaltools.gnu-tools-for-stm32.7-2018-q2-update.win32_1.5.0.202011040924/tools/bin/../lib/gcc/arm-none-eabi/7.3.1/../../../../arm-none-eabi/lib/thumb/v7-m\libc_nano.a(lib_a-stdio.o)
                0x0000000008003afc                __sread
 .text.__swrite
                0x0000000008003b1e       0x38 c:/st/stm32cubeide_1.5.1/stm32cubeide/plugins/com.st.stm32cube.ide.mcu.externaltools.gnu-tools-for-stm32.7-2018-q2-update.win32_1.5.0.202011040924/tools/bin/../lib/gcc/arm-none-eabi/7.3.1/../../../../arm-none-eabi/lib/thumb/v7-m\libc_nano.a(lib_a-stdio.o)
                0x0000000008003b1e                __swrite
 .text.__sseek  0x0000000008003b56       0x24 c:/st/stm32cubeide_1.5.1/stm32cubeide/plugins/com.st.stm32cube.ide.mcu.externaltools.gnu-tools-for-stm32.7-2018-q2-update.win32_1.5.0.202011040924/tools/bin/../lib/gcc/arm-none-eabi/7.3.1/../../../../arm-none-eabi/lib/thumb/v7-m\libc_nano.a(lib_a-stdio.o)
                0x0000000008003b56                __sseek
 .text.__sclose
                0x0000000008003b7a        0x8 c:/st/stm32cubeide_1.5.1/stm32cubeide/plugins/com.st.stm32cube.ide.mcu.externaltools.gnu-tools-for-stm32.7-2018-q2-update.win32_1.5.0.202011040924/tools/bin/../lib/gcc/arm-none-eabi/7.3.1/../../../../arm-none-eabi/lib/thumb/v7-m\libc_nano.a(lib_a-stdio.o)
                0x0000000008003b7a                __sclose
 *fill*         0x0000000008003b82        0x2 
 .text.__swbuf_r
                0x0000000008003b84       0xa4 c:/st/stm32cubeide_1.5.1/stm32cubeide/plugins/com.st.stm32cube.ide.mcu.externaltools.gnu-tools-for-stm32.7-2018-q2-update.win32_1.5.0.202011040924/tools/bin/../lib/gcc/arm-none-eabi/7.3.1/../../../../arm-none-eabi/lib/thumb/v7-m\libc_nano.a(lib_a-wbuf.o)
                0x0000000008003b84                __swbuf_r
 .text.__ascii_wctomb
                0x0000000008003c28       0x1a c:/st/stm32cubeide_1.5.1/stm32cubeide/plugins/com.st.stm32cube.ide.mcu.externaltools.gnu-tools-for-stm32.7-2018-q2-update.win32_1.5.0.202011040924/tools/bin/../lib/gcc/arm-none-eabi/7.3.1/../../../../arm-none-eabi/lib/thumb/v7-m\libc_nano.a(lib_a-wctomb_r.o)
                0x0000000008003c28                __ascii_wctomb
 *fill*         0x0000000008003c42        0x2 
 .text._write_r
                0x0000000008003c44       0x24 c:/st/stm32cubeide_1.5.1/stm32cubeide/plugins/com.st.stm32cube.ide.mcu.externaltools.gnu-tools-for-stm32.7-2018-q2-update.win32_1.5.0.202011040924/tools/bin/../lib/gcc/arm-none-eabi/7.3.1/../../../../arm-none-eabi/lib/thumb/v7-m\libc_nano.a(lib_a-writer.o)
                0x0000000008003c44                _write_r
 .text.__swsetup_r
                0x0000000008003c68       0xdc c:/st/stm32cubeide_1.5.1/stm32cubeide/plugins/com.st.stm32cube.ide.mcu.externaltools.gnu-tools-for-stm32.7-2018-q2-update.win32_1.5.0.202011040924/tools/bin/../lib/gcc/arm-none-eabi/7.3.1/../../../../arm-none-eabi/lib/thumb/v7-m\libc_nano.a(lib_a-wsetup.o)
                0x0000000008003c68                __swsetup_r
 .text._close_r
                0x0000000008003d44       0x20 c:/st/stm32cubeide_1.5.1/stm32cubeide/plugins/com.st.stm32cube.ide.mcu.externaltools.gnu-tools-for-stm32.7-2018-q2-update.win32_1.5.0.202011040924/tools/bin/../lib/gcc/arm-none-eabi/7.3.1/../../../../arm-none-eabi/lib/thumb/v7-m\libc_nano.a(lib_a-closer.o)
                0x0000000008003d44                _close_r
 .text.__sflush_r
                0x0000000008003d64      0x10c c:/st/stm32cubeide_1.5.1/stm32cubeide/plugins/com.st.stm32cube.ide.mcu.externaltools.gnu-tools-for-stm32.7-2018-q2-update.win32_1.5.0.202011040924/tools/bin/../lib/gcc/arm-none-eabi/7.3.1/../../../../arm-none-eabi/lib/thumb/v7-m\libc_nano.a(lib_a-fflush.o)
                0x0000000008003d64                __sflush_r
 .text._fflush_r
                0x0000000008003e70       0x54 c:/st/stm32cubeide_1.5.1/stm32cubeide/plugins/com.st.stm32cube.ide.mcu.externaltools.gnu-tools-for-stm32.7-2018-q2-update.win32_1.5.0.202011040924/tools/bin/../lib/gcc/arm-none-eabi/7.3.1/../../../../arm-none-eabi/lib/thumb/v7-m\libc_nano.a(lib_a-fflush.o)
                0x0000000008003e70                _fflush_r
 .text._lseek_r
                0x0000000008003ec4       0x24 c:/st/stm32cubeide_1.5.1/stm32cubeide/plugins/com.st.stm32cube.ide.mcu.externaltools.gnu-tools-for-stm32.7-2018-q2-update.win32_1.5.0.202011040924/tools/bin/../lib/gcc/arm-none-eabi/7.3.1/../../../../arm-none-eabi/lib/thumb/v7-m\libc_nano.a(lib_a-lseekr.o)
                0x0000000008003ec4                _lseek_r
 .text.__swhatbuf_r
                0x0000000008003ee8       0x48 c:/st/stm32cubeide_1.5.1/stm32cubeide/plugins/com.st.stm32cube.ide.mcu.externaltools.gnu-tools-for-stm32.7-2018-q2-update.win32_1.5.0.202011040924/tools/bin/../lib/gcc/arm-none-eabi/7.3.1/../../../../arm-none-eabi/lib/thumb/v7-m\libc_nano.a(lib_a-makebuf.o)
                0x0000000008003ee8                __swhatbuf_r
 .text.__smakebuf_r
                0x0000000008003f30       0x80 c:/st/stm32cubeide_1.5.1/stm32cubeide/plugins/com.st.stm32cube.ide.mcu.externaltools.gnu-tools-for-stm32.7-2018-q2-update.win32_1.5.0.202011040924/tools/bin/../lib/gcc/arm-none-eabi/7.3.1/../../../../arm-none-eabi/lib/thumb/v7-m\libc_nano.a(lib_a-makebuf.o)
                0x0000000008003f30                __smakebuf_r
 .text.memchr   0x0000000008003fb0       0x1c c:/st/stm32cubeide_1.5.1/stm32cubeide/plugins/com.st.stm32cube.ide.mcu.externaltools.gnu-tools-for-stm32.7-2018-q2-update.win32_1.5.0.202011040924/tools/bin/../lib/gcc/arm-none-eabi/7.3.1/../../../../arm-none-eabi/lib/thumb/v7-m\libc_nano.a(lib_a-memchr-stub.o)
                0x0000000008003fb0                memchr
 .text.memmove  0x0000000008003fcc       0x32 c:/st/stm32cubeide_1.5.1/stm32cubeide/plugins/com.st.stm32cube.ide.mcu.externaltools.gnu-tools-for-stm32.7-2018-q2-update.win32_1.5.0.202011040924/tools/bin/../lib/gcc/arm-none-eabi/7.3.1/../../../../arm-none-eabi/lib/thumb/v7-m\libc_nano.a(lib_a-memmove.o)
                0x0000000008003fcc                memmove
 .text.__malloc_lock
                0x0000000008003ffe        0x2 c:/st/stm32cubeide_1.5.1/stm32cubeide/plugins/com.st.stm32cube.ide.mcu.externaltools.gnu-tools-for-stm32.7-2018-q2-update.win32_1.5.0.202011040924/tools/bin/../lib/gcc/arm-none-eabi/7.3.1/../../../../arm-none-eabi/lib/thumb/v7-m\libc_nano.a(lib_a-mlock.o)
                0x0000000008003ffe                __malloc_lock
 .text.__malloc_unlock
                0x0000000008004000        0x2 c:/st/stm32cubeide_1.5.1/stm32cubeide/plugins/com.st.stm32cube.ide.mcu.externaltools.gnu-tools-for-stm32.7-2018-q2-update.win32_1.5.0.202011040924/tools/bin/../lib/gcc/arm-none-eabi/7.3.1/../../../../arm-none-eabi/lib/thumb/v7-m\libc_nano.a(lib_a-mlock.o)
                0x0000000008004000                __malloc_unlock
 *fill*         0x0000000008004002        0x2 
 .text._free_r  0x0000000008004004       0x98 c:/st/stm32cubeide_1.5.1/stm32cubeide/plugins/com.st.stm32cube.ide.mcu.externaltools.gnu-tools-for-stm32.7-2018-q2-update.win32_1.5.0.202011040924/tools/bin/../lib/gcc/arm-none-eabi/7.3.1/../../../../arm-none-eabi/lib/thumb/v7-m\libc_nano.a(lib_a-nano-freer.o)
                0x0000000008004004                _free_r
 .text._realloc_r
                0x000000000800409c       0x4c c:/st/stm32cubeide_1.5.1/stm32cubeide/plugins/com.st.stm32cube.ide.mcu.externaltools.gnu-tools-for-stm32.7-2018-q2-update.win32_1.5.0.202011040924/tools/bin/../lib/gcc/arm-none-eabi/7.3.1/../../../../arm-none-eabi/lib/thumb/v7-m\libc_nano.a(lib_a-nano-reallocr.o)
                0x000000000800409c                _realloc_r
 .text._read_r  0x00000000080040e8       0x24 c:/st/stm32cubeide_1.5.1/stm32cubeide/plugins/com.st.stm32cube.ide.mcu.externaltools.gnu-tools-for-stm32.7-2018-q2-update.win32_1.5.0.202011040924/tools/bin/../lib/gcc/arm-none-eabi/7.3.1/../../../../arm-none-eabi/lib/thumb/v7-m\libc_nano.a(lib_a-readr.o)
                0x00000000080040e8                _read_r
 .text._fstat_r
                0x000000000800410c       0x24 c:/st/stm32cubeide_1.5.1/stm32cubeide/plugins/com.st.stm32cube.ide.mcu.externaltools.gnu-tools-for-stm32.7-2018-q2-update.win32_1.5.0.202011040924/tools/bin/../lib/gcc/arm-none-eabi/7.3.1/../../../../arm-none-eabi/lib/thumb/v7-m\libc_nano.a(lib_a-fstatr.o)
                0x000000000800410c                _fstat_r
 .text._isatty_r
                0x0000000008004130       0x20 c:/st/stm32cubeide_1.5.1/stm32cubeide/plugins/com.st.stm32cube.ide.mcu.externaltools.gnu-tools-for-stm32.7-2018-q2-update.win32_1.5.0.202011040924/tools/bin/../lib/gcc/arm-none-eabi/7.3.1/../../../../arm-none-eabi/lib/thumb/v7-m\libc_nano.a(lib_a-isattyr.o)
                0x0000000008004130                _isatty_r
 .text._malloc_usable_size_r
                0x0000000008004150       0x10 c:/st/stm32cubeide_1.5.1/stm32cubeide/plugins/com.st.stm32cube.ide.mcu.externaltools.gnu-tools-for-stm32.7-2018-q2-update.win32_1.5.0.202011040924/tools/bin/../lib/gcc/arm-none-eabi/7.3.1/../../../../arm-none-eabi/lib/thumb/v7-m\libc_nano.a(lib_a-nano-msizer.o)
                0x0000000008004150                _malloc_usable_size_r
 *(.glue_7)
 .glue_7        0x0000000008004160        0x0 linker stubs
 *(.glue_7t)
 .glue_7t       0x0000000008004160        0x0 linker stubs
 *(.eh_frame)
 .eh_frame      0x0000000008004160        0x0 c:/st/stm32cubeide_1.5.1/stm32cubeide/plugins/com.st.stm32cube.ide.mcu.externaltools.gnu-tools-for-stm32.7-2018-q2-update.win32_1.5.0.202011040924/tools/bin/../lib/gcc/arm-none-eabi/7.3.1/thumb/v7-m/crtbegin.o
 *(.init)
 .init          0x0000000008004160        0x4 c:/st/stm32cubeide_1.5.1/stm32cubeide/plugins/com.st.stm32cube.ide.mcu.externaltools.gnu-tools-for-stm32.7-2018-q2-update.win32_1.5.0.202011040924/tools/bin/../lib/gcc/arm-none-eabi/7.3.1/thumb/v7-m/crti.o
                0x0000000008004160                _init
 .init          0x0000000008004164        0x8 c:/st/stm32cubeide_1.5.1/stm32cubeide/plugins/com.st.stm32cube.ide.mcu.externaltools.gnu-tools-for-stm32.7-2018-q2-update.win32_1.5.0.202011040924/tools/bin/../lib/gcc/arm-none-eabi/7.3.1/thumb/v7-m/crtn.o
 *(.fini)
 .fini          0x000000000800416c        0x4 c:/st/stm32cubeide_1.5.1/stm32cubeide/plugins/com.st.stm32cube.ide.mcu.externaltools.gnu-tools-for-stm32.7-2018-q2-update.win32_1.5.0.202011040924/tools/bin/../lib/gcc/arm-none-eabi/7.3.1/thumb/v7-m/crti.o
                0x000000000800416c                _fini
 .fini          0x0000000008004170        0x8 c:/st/stm32cubeide_1.5.1/stm32cubeide/plugins/com.st.stm32cube.ide.mcu.externaltools.gnu-tools-for-stm32.7-2018-q2-update.win32_1.5.0.202011040924/tools/bin/../lib/gcc/arm-none-eabi/7.3.1/thumb/v7-m/crtn.o
                0x0000000008004178                . = ALIGN (0x4)
                0x0000000008004178                _etext = .

.vfp11_veneer   0x0000000008004178        0x0
 .vfp11_veneer  0x0000000008004178        0x0 linker stubs

.v4_bx          0x0000000008004178        0x0
 .v4_bx         0x0000000008004178        0x0 linker stubs

.iplt           0x0000000008004178        0x0
 .iplt          0x0000000008004178        0x0 c:/st/stm32cubeide_1.5.1/stm32cubeide/plugins/com.st.stm32cube.ide.mcu.externaltools.gnu-tools-for-stm32.7-2018-q2-update.win32_1.5.0.202011040924/tools/bin/../lib/gcc/arm-none-eabi/7.3.1/thumb/v7-m/crtbegin.o

.rodata         0x0000000008004178      0x380
                0x0000000008004178                . = ALIGN (0x4)
 *(.rodata)
 .rodata        0x0000000008004178        0xf Core/Inc/MQTTConnectClient.o
 *fill*         0x0000000008004187        0x1 
 .rodata        0x0000000008004188      0x134 Core/Src/MQTTSim800.o
 .rodata        0x00000000080042bc       0x6c Core/Src/main.o
 .rodata        0x0000000008004328       0x12 Drivers/STM32F1xx_HAL_Driver/Src/stm32f1xx_hal_rcc.o
 *(.rodata*)
 *fill*         0x000000000800433a        0x2 
 .rodata.AHBPrescTable
                0x000000000800433c       0x10 Core/Src/system_stm32f1xx.o
                0x000000000800433c                AHBPrescTable
 .rodata.APBPrescTable
                0x000000000800434c        0x8 Core/Src/system_stm32f1xx.o
                0x000000000800434c                APBPrescTable
 .rodata._global_impure_ptr
                0x0000000008004354        0x4 c:/st/stm32cubeide_1.5.1/stm32cubeide/plugins/com.st.stm32cube.ide.mcu.externaltools.gnu-tools-for-stm32.7-2018-q2-update.win32_1.5.0.202011040924/tools/bin/../lib/gcc/arm-none-eabi/7.3.1/../../../../arm-none-eabi/lib/thumb/v7-m\libc_nano.a(lib_a-impure.o)
                0x0000000008004354                _global_impure_ptr
 .rodata.__sf_fake_stderr
                0x0000000008004358       0x20 c:/st/stm32cubeide_1.5.1/stm32cubeide/plugins/com.st.stm32cube.ide.mcu.externaltools.gnu-tools-for-stm32.7-2018-q2-update.win32_1.5.0.202011040924/tools/bin/../lib/gcc/arm-none-eabi/7.3.1/../../../../arm-none-eabi/lib/thumb/v7-m\libc_nano.a(lib_a-findfp.o)
                0x0000000008004358                __sf_fake_stderr
 .rodata.__sf_fake_stdin
                0x0000000008004378       0x20 c:/st/stm32cubeide_1.5.1/stm32cubeide/plugins/com.st.stm32cube.ide.mcu.externaltools.gnu-tools-for-stm32.7-2018-q2-update.win32_1.5.0.202011040924/tools/bin/../lib/gcc/arm-none-eabi/7.3.1/../../../../arm-none-eabi/lib/thumb/v7-m\libc_nano.a(lib_a-findfp.o)
                0x0000000008004378                __sf_fake_stdin
 .rodata.__sf_fake_stdout
                0x0000000008004398       0x20 c:/st/stm32cubeide_1.5.1/stm32cubeide/plugins/com.st.stm32cube.ide.mcu.externaltools.gnu-tools-for-stm32.7-2018-q2-update.win32_1.5.0.202011040924/tools/bin/../lib/gcc/arm-none-eabi/7.3.1/../../../../arm-none-eabi/lib/thumb/v7-m\libc_nano.a(lib_a-findfp.o)
                0x0000000008004398                __sf_fake_stdout
 .rodata._setlocale_r.str1.1
                0x00000000080043b8        0x8 c:/st/stm32cubeide_1.5.1/stm32cubeide/plugins/com.st.stm32cube.ide.mcu.externaltools.gnu-tools-for-stm32.7-2018-q2-update.win32_1.5.0.202011040924/tools/bin/../lib/gcc/arm-none-eabi/7.3.1/../../../../arm-none-eabi/lib/thumb/v7-m\libc_nano.a(lib_a-locale.o)
                                          0x9 (size before relaxing)
 .rodata.str1.1
                0x00000000080043c0        0x2 c:/st/stm32cubeide_1.5.1/stm32cubeide/plugins/com.st.stm32cube.ide.mcu.externaltools.gnu-tools-for-stm32.7-2018-q2-update.win32_1.5.0.202011040924/tools/bin/../lib/gcc/arm-none-eabi/7.3.1/../../../../arm-none-eabi/lib/thumb/v7-m\libc_nano.a(lib_a-locale.o)
 .rodata._svfprintf_r.str1.1
                0x00000000080043c2       0x11 c:/st/stm32cubeide_1.5.1/stm32cubeide/plugins/com.st.stm32cube.ide.mcu.externaltools.gnu-tools-for-stm32.7-2018-q2-update.win32_1.5.0.202011040924/tools/bin/../lib/gcc/arm-none-eabi/7.3.1/../../../../arm-none-eabi/lib/thumb/v7-m\libc_nano.a(lib_a-nano-svfprintf.o)
 .rodata._vfprintf_r.str1.1
                0x00000000080043d3       0x11 c:/st/stm32cubeide_1.5.1/stm32cubeide/plugins/com.st.stm32cube.ide.mcu.externaltools.gnu-tools-for-stm32.7-2018-q2-update.win32_1.5.0.202011040924/tools/bin/../lib/gcc/arm-none-eabi/7.3.1/../../../../arm-none-eabi/lib/thumb/v7-m\libc_nano.a(lib_a-nano-vfprintf.o)
 .rodata._printf_i.str1.1
                0x00000000080043d3       0x22 c:/st/stm32cubeide_1.5.1/stm32cubeide/plugins/com.st.stm32cube.ide.mcu.externaltools.gnu-tools-for-stm32.7-2018-q2-update.win32_1.5.0.202011040924/tools/bin/../lib/gcc/arm-none-eabi/7.3.1/../../../../arm-none-eabi/lib/thumb/v7-m\libc_nano.a(lib_a-nano-vfprintf_i.o)
 .rodata._ctype_
                0x00000000080043f5      0x101 c:/st/stm32cubeide_1.5.1/stm32cubeide/plugins/com.st.stm32cube.ide.mcu.externaltools.gnu-tools-for-stm32.7-2018-q2-update.win32_1.5.0.202011040924/tools/bin/../lib/gcc/arm-none-eabi/7.3.1/../../../../arm-none-eabi/lib/thumb/v7-m\libc_nano.a(lib_a-ctype_.o)
                0x00000000080043f5                _ctype_
                0x00000000080044f8                . = ALIGN (0x4)
 *fill*         0x00000000080044f6        0x2 

.rel.dyn        0x00000000080044f8        0x0
 .rel.iplt      0x00000000080044f8        0x0 c:/st/stm32cubeide_1.5.1/stm32cubeide/plugins/com.st.stm32cube.ide.mcu.externaltools.gnu-tools-for-stm32.7-2018-q2-update.win32_1.5.0.202011040924/tools/bin/../lib/gcc/arm-none-eabi/7.3.1/thumb/v7-m/crtbegin.o

.ARM.extab      0x00000000080044f8        0x0
                0x00000000080044f8                . = ALIGN (0x4)
 *(.ARM.extab* .gnu.linkonce.armextab.*)
                0x00000000080044f8                . = ALIGN (0x4)

.ARM            0x00000000080044f8        0x0
                0x00000000080044f8                . = ALIGN (0x4)
                0x00000000080044f8                __exidx_start = .
 *(.ARM.exidx*)
                0x00000000080044f8                __exidx_end = .
                0x00000000080044f8                . = ALIGN (0x4)

.preinit_array  0x00000000080044f8        0x0
                0x00000000080044f8                . = ALIGN (0x4)
                0x00000000080044f8                PROVIDE (__preinit_array_start = .)
 *(.preinit_array*)
                0x00000000080044f8                PROVIDE (__preinit_array_end = .)
                0x00000000080044f8                . = ALIGN (0x4)

.init_array     0x00000000080044f8        0x4
                0x00000000080044f8                . = ALIGN (0x4)
                0x00000000080044f8                PROVIDE (__init_array_start = .)
 *(SORT_BY_NAME(.init_array.*))
 *(.init_array*)
 .init_array    0x00000000080044f8        0x4 c:/st/stm32cubeide_1.5.1/stm32cubeide/plugins/com.st.stm32cube.ide.mcu.externaltools.gnu-tools-for-stm32.7-2018-q2-update.win32_1.5.0.202011040924/tools/bin/../lib/gcc/arm-none-eabi/7.3.1/thumb/v7-m/crtbegin.o
                0x00000000080044fc                PROVIDE (__init_array_end = .)
                0x00000000080044fc                . = ALIGN (0x4)

.fini_array     0x00000000080044fc        0x4
                0x00000000080044fc                . = ALIGN (0x4)
                [!provide]                        PROVIDE (__fini_array_start = .)
 *(SORT_BY_NAME(.fini_array.*))
 *(.fini_array*)
 .fini_array    0x00000000080044fc        0x4 c:/st/stm32cubeide_1.5.1/stm32cubeide/plugins/com.st.stm32cube.ide.mcu.externaltools.gnu-tools-for-stm32.7-2018-q2-update.win32_1.5.0.202011040924/tools/bin/../lib/gcc/arm-none-eabi/7.3.1/thumb/v7-m/crtbegin.o
                [!provide]                        PROVIDE (__fini_array_end = .)
                0x0000000008004500                . = ALIGN (0x4)
                0x0000000008004500                _sidata = LOADADDR (.data)

.data           0x0000000020000000      0x1dc load address 0x0000000008004500
                0x0000000020000000                . = ALIGN (0x4)
                0x0000000020000000                _sdata = .
 *(.data)
 *(.data*)
 .data.SystemCoreClock
                0x0000000020000000        0x4 Core/Src/system_stm32f1xx.o
                0x0000000020000000                SystemCoreClock
 .data.uwTickPrio
                0x0000000020000004        0x4 Drivers/STM32F1xx_HAL_Driver/Src/stm32f1xx_hal.o
                0x0000000020000004                uwTickPrio
 .data.uwTickFreq
                0x0000000020000008        0x1 Drivers/STM32F1xx_HAL_Driver/Src/stm32f1xx_hal.o
                0x0000000020000008                uwTickFreq
 *fill*         0x0000000020000009        0x3 
 .data._impure_ptr
                0x000000002000000c        0x4 c:/st/stm32cubeide_1.5.1/stm32cubeide/plugins/com.st.stm32cube.ide.mcu.externaltools.gnu-tools-for-stm32.7-2018-q2-update.win32_1.5.0.202011040924/tools/bin/../lib/gcc/arm-none-eabi/7.3.1/../../../../arm-none-eabi/lib/thumb/v7-m\libc_nano.a(lib_a-impure.o)
                0x000000002000000c                _impure_ptr
 .data.impure_data
                0x0000000020000010       0x60 c:/st/stm32cubeide_1.5.1/stm32cubeide/plugins/com.st.stm32cube.ide.mcu.externaltools.gnu-tools-for-stm32.7-2018-q2-update.win32_1.5.0.202011040924/tools/bin/../lib/gcc/arm-none-eabi/7.3.1/../../../../arm-none-eabi/lib/thumb/v7-m\libc_nano.a(lib_a-impure.o)
 .data.__global_locale
                0x0000000020000070      0x16c c:/st/stm32cubeide_1.5.1/stm32cubeide/plugins/com.st.stm32cube.ide.mcu.externaltools.gnu-tools-for-stm32.7-2018-q2-update.win32_1.5.0.202011040924/tools/bin/../lib/gcc/arm-none-eabi/7.3.1/../../../../arm-none-eabi/lib/thumb/v7-m\libc_nano.a(lib_a-locale.o)
                0x0000000020000070                __global_locale
 *(.RamFunc)
 *(.RamFunc*)
                0x00000000200001dc                . = ALIGN (0x4)
                0x00000000200001dc                _edata = .

.igot.plt       0x00000000200001dc        0x0 load address 0x00000000080046dc
 .igot.plt      0x00000000200001dc        0x0 c:/st/stm32cubeide_1.5.1/stm32cubeide/plugins/com.st.stm32cube.ide.mcu.externaltools.gnu-tools-for-stm32.7-2018-q2-update.win32_1.5.0.202011040924/tools/bin/../lib/gcc/arm-none-eabi/7.3.1/thumb/v7-m/crtbegin.o
                0x00000000200001dc                . = ALIGN (0x4)

.bss            0x00000000200001dc      0xce0 load address 0x00000000080046dc
                0x00000000200001dc                _sbss = .
                0x00000000200001dc                __bss_start__ = _sbss
 *(.bss)
 .bss           0x00000000200001dc       0x1c c:/st/stm32cubeide_1.5.1/stm32cubeide/plugins/com.st.stm32cube.ide.mcu.externaltools.gnu-tools-for-stm32.7-2018-q2-update.win32_1.5.0.202011040924/tools/bin/../lib/gcc/arm-none-eabi/7.3.1/thumb/v7-m/crtbegin.o
 *(.bss*)
 .bss.bufptr    0x00000000200001f8        0x4 Core/Inc/MQTTPacket.o
 .bss.rx_data   0x00000000200001fc        0x1 Core/Src/MQTTSim800.o
                0x00000000200001fc                rx_data
 *fill*         0x00000000200001fd        0x3 
 .bss.rx_buffer
                0x0000000020000200      0x5b4 Core/Src/MQTTSim800.o
                0x0000000020000200                rx_buffer
 .bss.rx_index  0x00000000200007b4        0x2 Core/Src/MQTTSim800.o
                0x00000000200007b4                rx_index
 .bss.mqtt_receive
                0x00000000200007b6        0x1 Core/Src/MQTTSim800.o
                0x00000000200007b6                mqtt_receive
 *fill*         0x00000000200007b7        0x1 
 .bss.mqtt_buffer
                0x00000000200007b8      0x5b4 Core/Src/MQTTSim800.o
                0x00000000200007b8                mqtt_buffer
 .bss.mqtt_index
                0x0000000020000d6c        0x2 Core/Src/MQTTSim800.o
                0x0000000020000d6c                mqtt_index
 *fill*         0x0000000020000d6e        0x2 
 .bss.__sbrk_heap_end
                0x0000000020000d70        0x4 Core/Src/sysmem.o
 .bss.__malloc_free_list
                0x0000000020000d74        0x4 c:/st/stm32cubeide_1.5.1/stm32cubeide/plugins/com.st.stm32cube.ide.mcu.externaltools.gnu-tools-for-stm32.7-2018-q2-update.win32_1.5.0.202011040924/tools/bin/../lib/gcc/arm-none-eabi/7.3.1/../../../../arm-none-eabi/lib/thumb/v7-m\libc_nano.a(lib_a-nano-mallocr.o)
                0x0000000020000d74                __malloc_free_list
 .bss.__malloc_sbrk_start
                0x0000000020000d78        0x4 c:/st/stm32cubeide_1.5.1/stm32cubeide/plugins/com.st.stm32cube.ide.mcu.externaltools.gnu-tools-for-stm32.7-2018-q2-update.win32_1.5.0.202011040924/tools/bin/../lib/gcc/arm-none-eabi/7.3.1/../../../../arm-none-eabi/lib/thumb/v7-m\libc_nano.a(lib_a-nano-mallocr.o)
                0x0000000020000d78                __malloc_sbrk_start
 *(COMMON)
 COMMON         0x0000000020000d7c       0xb8 Core/Src/main.o
                0x0000000020000d7c                SIM800
 COMMON         0x0000000020000e34       0x80 Core/Src/usart.o
                0x0000000020000e34                huart3
                0x0000000020000e74                huart1
 COMMON         0x0000000020000eb4        0x4 Drivers/STM32F1xx_HAL_Driver/Src/stm32f1xx_hal.o
                0x0000000020000eb4                uwTick
 COMMON         0x0000000020000eb8        0x4 c:/st/stm32cubeide_1.5.1/stm32cubeide/plugins/com.st.stm32cube.ide.mcu.externaltools.gnu-tools-for-stm32.7-2018-q2-update.win32_1.5.0.202011040924/tools/bin/../lib/gcc/arm-none-eabi/7.3.1/../../../../arm-none-eabi/lib/thumb/v7-m\libc_nano.a(lib_a-reent.o)
                0x0000000020000eb8                errno
                0x0000000020000ebc                . = ALIGN (0x4)
                0x0000000020000ebc                _ebss = .
                0x0000000020000ebc                __bss_end__ = _ebss

._user_heap_stack
                0x0000000020000ebc      0x604 load address 0x00000000080046dc
                0x0000000020000ec0                . = ALIGN (0x8)
 *fill*         0x0000000020000ebc        0x4 
                [!provide]                        PROVIDE (end = .)
                0x0000000020000ec0                PROVIDE (_end = .)
                0x00000000200010c0                . = (. + _Min_Heap_Size)
 *fill*         0x0000000020000ec0      0x200 
                0x00000000200014c0                . = (. + _Min_Stack_Size)
 *fill*         0x00000000200010c0      0x400 
                0x00000000200014c0                . = ALIGN (0x8)

/DISCARD/
 libc.a(*)
 libm.a(*)
 libgcc.a(*)

.ARM.attributes
                0x0000000000000000       0x29
 *(.ARM.attributes)
 .ARM.attributes
                0x0000000000000000       0x1d c:/st/stm32cubeide_1.5.1/stm32cubeide/plugins/com.st.stm32cube.ide.mcu.externaltools.gnu-tools-for-stm32.7-2018-q2-update.win32_1.5.0.202011040924/tools/bin/../lib/gcc/arm-none-eabi/7.3.1/thumb/v7-m/crti.o
 .ARM.attributes
                0x000000000000001d       0x2d c:/st/stm32cubeide_1.5.1/stm32cubeide/plugins/com.st.stm32cube.ide.mcu.externaltools.gnu-tools-for-stm32.7-2018-q2-update.win32_1.5.0.202011040924/tools/bin/../lib/gcc/arm-none-eabi/7.3.1/thumb/v7-m/crtbegin.o
 .ARM.attributes
                0x000000000000004a       0x33 Core/Inc/MQTTConnectClient.o
 .ARM.attributes
                0x000000000000007d       0x33 Core/Inc/MQTTDeserializePublish.o
 .ARM.attributes
                0x00000000000000b0       0x33 Core/Inc/MQTTPacket.o
 .ARM.attributes
                0x00000000000000e3       0x33 Core/Inc/MQTTSerializePublish.o
 .ARM.attributes
                0x0000000000000116       0x33 Core/Inc/MQTTSubscribeClient.o
 .ARM.attributes
                0x0000000000000149       0x33 Core/Src/MQTTSim800.o
 .ARM.attributes
                0x000000000000017c       0x33 Core/Src/gpio.o
 .ARM.attributes
                0x00000000000001af       0x33 Core/Src/main.o
 .ARM.attributes
                0x00000000000001e2       0x33 Core/Src/stm32f1xx_hal_msp.o
 .ARM.attributes
                0x0000000000000215       0x33 Core/Src/stm32f1xx_it.o
 .ARM.attributes
                0x0000000000000248       0x33 Core/Src/syscalls.o
 .ARM.attributes
                0x000000000000027b       0x33 Core/Src/sysmem.o
 .ARM.attributes
                0x00000000000002ae       0x33 Core/Src/system_stm32f1xx.o
 .ARM.attributes
                0x00000000000002e1       0x33 Core/Src/usart.o
 .ARM.attributes
                0x0000000000000314       0x21 Core/Startup/startup_stm32f103c8tx.o
 .ARM.attributes
                0x0000000000000335       0x33 Drivers/STM32F1xx_HAL_Driver/Src/stm32f1xx_hal.o
 .ARM.attributes
                0x0000000000000368       0x33 Drivers/STM32F1xx_HAL_Driver/Src/stm32f1xx_hal_cortex.o
 .ARM.attributes
                0x000000000000039b       0x33 Drivers/STM32F1xx_HAL_Driver/Src/stm32f1xx_hal_dma.o
 .ARM.attributes
                0x00000000000003ce       0x33 Drivers/STM32F1xx_HAL_Driver/Src/stm32f1xx_hal_gpio.o
 .ARM.attributes
                0x0000000000000401       0x33 Drivers/STM32F1xx_HAL_Driver/Src/stm32f1xx_hal_rcc.o
 .ARM.attributes
                0x0000000000000434       0x33 Drivers/STM32F1xx_HAL_Driver/Src/stm32f1xx_hal_uart.o
 .ARM.attributes
                0x0000000000000467       0x2d c:/st/stm32cubeide_1.5.1/stm32cubeide/plugins/com.st.stm32cube.ide.mcu.externaltools.gnu-tools-for-stm32.7-2018-q2-update.win32_1.5.0.202011040924/tools/bin/../lib/gcc/arm-none-eabi/7.3.1/../../../../arm-none-eabi/lib/thumb/v7-m\libc_nano.a(lib_a-atoi.o)
 .ARM.attributes
                0x0000000000000494       0x2d c:/st/stm32cubeide_1.5.1/stm32cubeide/plugins/com.st.stm32cube.ide.mcu.externaltools.gnu-tools-for-stm32.7-2018-q2-update.win32_1.5.0.202011040924/tools/bin/../lib/gcc/arm-none-eabi/7.3.1/../../../../arm-none-eabi/lib/thumb/v7-m\libc_nano.a(lib_a-errno.o)
 .ARM.attributes
                0x00000000000004c1       0x2d c:/st/stm32cubeide_1.5.1/stm32cubeide/plugins/com.st.stm32cube.ide.mcu.externaltools.gnu-tools-for-stm32.7-2018-q2-update.win32_1.5.0.202011040924/tools/bin/../lib/gcc/arm-none-eabi/7.3.1/../../../../arm-none-eabi/lib/thumb/v7-m\libc_nano.a(lib_a-impure.o)
 .ARM.attributes
                0x00000000000004ee       0x2d c:/st/stm32cubeide_1.5.1/stm32cubeide/plugins/com.st.stm32cube.ide.mcu.externaltools.gnu-tools-for-stm32.7-2018-q2-update.win32_1.5.0.202011040924/tools/bin/../lib/gcc/arm-none-eabi/7.3.1/../../../../arm-none-eabi/lib/thumb/v7-m\libc_nano.a(lib_a-init.o)
 .ARM.attributes
                0x000000000000051b       0x2d c:/st/stm32cubeide_1.5.1/stm32cubeide/plugins/com.st.stm32cube.ide.mcu.externaltools.gnu-tools-for-stm32.7-2018-q2-update.win32_1.5.0.202011040924/tools/bin/../lib/gcc/arm-none-eabi/7.3.1/../../../../arm-none-eabi/lib/thumb/v7-m\libc_nano.a(lib_a-memcpy-stub.o)
 .ARM.attributes
                0x0000000000000548       0x2d c:/st/stm32cubeide_1.5.1/stm32cubeide/plugins/com.st.stm32cube.ide.mcu.externaltools.gnu-tools-for-stm32.7-2018-q2-update.win32_1.5.0.202011040924/tools/bin/../lib/gcc/arm-none-eabi/7.3.1/../../../../arm-none-eabi/lib/thumb/v7-m\libc_nano.a(lib_a-memset.o)
 .ARM.attributes
                0x0000000000000575       0x2d c:/st/stm32cubeide_1.5.1/stm32cubeide/plugins/com.st.stm32cube.ide.mcu.externaltools.gnu-tools-for-stm32.7-2018-q2-update.win32_1.5.0.202011040924/tools/bin/../lib/gcc/arm-none-eabi/7.3.1/../../../../arm-none-eabi/lib/thumb/v7-m\libc_nano.a(lib_a-printf.o)
 .ARM.attributes
                0x00000000000005a2       0x2d c:/st/stm32cubeide_1.5.1/stm32cubeide/plugins/com.st.stm32cube.ide.mcu.externaltools.gnu-tools-for-stm32.7-2018-q2-update.win32_1.5.0.202011040924/tools/bin/../lib/gcc/arm-none-eabi/7.3.1/../../../../arm-none-eabi/lib/thumb/v7-m\libc_nano.a(lib_a-snprintf.o)
 .ARM.attributes
                0x00000000000005cf       0x2d c:/st/stm32cubeide_1.5.1/stm32cubeide/plugins/com.st.stm32cube.ide.mcu.externaltools.gnu-tools-for-stm32.7-2018-q2-update.win32_1.5.0.202011040924/tools/bin/../lib/gcc/arm-none-eabi/7.3.1/../../../../arm-none-eabi/lib/thumb/v7-m\libc_nano.a(lib_a-sprintf.o)
 .ARM.attributes
                0x00000000000005fc       0x17 c:/st/stm32cubeide_1.5.1/stm32cubeide/plugins/com.st.stm32cube.ide.mcu.externaltools.gnu-tools-for-stm32.7-2018-q2-update.win32_1.5.0.202011040924/tools/bin/../lib/gcc/arm-none-eabi/7.3.1/../../../../arm-none-eabi/lib/thumb/v7-m\libc_nano.a(lib_a-strlen.o)
 .ARM.attributes
                0x0000000000000613       0x2d c:/st/stm32cubeide_1.5.1/stm32cubeide/plugins/com.st.stm32cube.ide.mcu.externaltools.gnu-tools-for-stm32.7-2018-q2-update.win32_1.5.0.202011040924/tools/bin/../lib/gcc/arm-none-eabi/7.3.1/../../../../arm-none-eabi/lib/thumb/v7-m\libc_nano.a(lib_a-strstr.o)
 .ARM.attributes
                0x0000000000000640       0x2d c:/st/stm32cubeide_1.5.1/stm32cubeide/plugins/com.st.stm32cube.ide.mcu.externaltools.gnu-tools-for-stm32.7-2018-q2-update.win32_1.5.0.202011040924/tools/bin/../lib/gcc/arm-none-eabi/7.3.1/../../../../arm-none-eabi/lib/thumb/v7-m\libc_nano.a(lib_a-strtol.o)
 .ARM.attributes
                0x000000000000066d       0x2d c:/st/stm32cubeide_1.5.1/stm32cubeide/plugins/com.st.stm32cube.ide.mcu.externaltools.gnu-tools-for-stm32.7-2018-q2-update.win32_1.5.0.202011040924/tools/bin/../lib/gcc/arm-none-eabi/7.3.1/../../../../arm-none-eabi/lib/thumb/v7-m\libc_nano.a(lib_a-findfp.o)
 .ARM.attributes
                0x000000000000069a       0x2d c:/st/stm32cubeide_1.5.1/stm32cubeide/plugins/com.st.stm32cube.ide.mcu.externaltools.gnu-tools-for-stm32.7-2018-q2-update.win32_1.5.0.202011040924/tools/bin/../lib/gcc/arm-none-eabi/7.3.1/../../../../arm-none-eabi/lib/thumb/v7-m\libc_nano.a(lib_a-fwalk.o)
 .ARM.attributes
                0x00000000000006c7       0x2d c:/st/stm32cubeide_1.5.1/stm32cubeide/plugins/com.st.stm32cube.ide.mcu.externaltools.gnu-tools-for-stm32.7-2018-q2-update.win32_1.5.0.202011040924/tools/bin/../lib/gcc/arm-none-eabi/7.3.1/../../../../arm-none-eabi/lib/thumb/v7-m\libc_nano.a(lib_a-locale.o)
 .ARM.attributes
                0x00000000000006f4       0x2d c:/st/stm32cubeide_1.5.1/stm32cubeide/plugins/com.st.stm32cube.ide.mcu.externaltools.gnu-tools-for-stm32.7-2018-q2-update.win32_1.5.0.202011040924/tools/bin/../lib/gcc/arm-none-eabi/7.3.1/../../../../arm-none-eabi/lib/thumb/v7-m\libc_nano.a(lib_a-mbtowc_r.o)
 .ARM.attributes
                0x0000000000000721       0x2d c:/st/stm32cubeide_1.5.1/stm32cubeide/plugins/com.st.stm32cube.ide.mcu.externaltools.gnu-tools-for-stm32.7-2018-q2-update.win32_1.5.0.202011040924/tools/bin/../lib/gcc/arm-none-eabi/7.3.1/../../../../arm-none-eabi/lib/thumb/v7-m\libc_nano.a(lib_a-nano-mallocr.o)
 .ARM.attributes
                0x000000000000074e       0x2d c:/st/stm32cubeide_1.5.1/stm32cubeide/plugins/com.st.stm32cube.ide.mcu.externaltools.gnu-tools-for-stm32.7-2018-q2-update.win32_1.5.0.202011040924/tools/bin/../lib/gcc/arm-none-eabi/7.3.1/../../../../arm-none-eabi/lib/thumb/v7-m\libc_nano.a(lib_a-nano-svfprintf.o)
 .ARM.attributes
                0x000000000000077b       0x2d c:/st/stm32cubeide_1.5.1/stm32cubeide/plugins/com.st.stm32cube.ide.mcu.externaltools.gnu-tools-for-stm32.7-2018-q2-update.win32_1.5.0.202011040924/tools/bin/../lib/gcc/arm-none-eabi/7.3.1/../../../../arm-none-eabi/lib/thumb/v7-m\libc_nano.a(lib_a-nano-vfprintf.o)
 .ARM.attributes
                0x00000000000007a8       0x2d c:/st/stm32cubeide_1.5.1/stm32cubeide/plugins/com.st.stm32cube.ide.mcu.externaltools.gnu-tools-for-stm32.7-2018-q2-update.win32_1.5.0.202011040924/tools/bin/../lib/gcc/arm-none-eabi/7.3.1/../../../../arm-none-eabi/lib/thumb/v7-m\libc_nano.a(lib_a-nano-vfprintf_i.o)
 .ARM.attributes
                0x00000000000007d5       0x2d c:/st/stm32cubeide_1.5.1/stm32cubeide/plugins/com.st.stm32cube.ide.mcu.externaltools.gnu-tools-for-stm32.7-2018-q2-update.win32_1.5.0.202011040924/tools/bin/../lib/gcc/arm-none-eabi/7.3.1/../../../../arm-none-eabi/lib/thumb/v7-m\libc_nano.a(lib_a-sbrkr.o)
 .ARM.attributes
                0x0000000000000802       0x2d c:/st/stm32cubeide_1.5.1/stm32cubeide/plugins/com.st.stm32cube.ide.mcu.externaltools.gnu-tools-for-stm32.7-2018-q2-update.win32_1.5.0.202011040924/tools/bin/../lib/gcc/arm-none-eabi/7.3.1/../../../../arm-none-eabi/lib/thumb/v7-m\libc_nano.a(lib_a-stdio.o)
 .ARM.attributes
                0x000000000000082f       0x2d c:/st/stm32cubeide_1.5.1/stm32cubeide/plugins/com.st.stm32cube.ide.mcu.externaltools.gnu-tools-for-stm32.7-2018-q2-update.win32_1.5.0.202011040924/tools/bin/../lib/gcc/arm-none-eabi/7.3.1/../../../../arm-none-eabi/lib/thumb/v7-m\libc_nano.a(lib_a-wbuf.o)
 .ARM.attributes
                0x000000000000085c       0x2d c:/st/stm32cubeide_1.5.1/stm32cubeide/plugins/com.st.stm32cube.ide.mcu.externaltools.gnu-tools-for-stm32.7-2018-q2-update.win32_1.5.0.202011040924/tools/bin/../lib/gcc/arm-none-eabi/7.3.1/../../../../arm-none-eabi/lib/thumb/v7-m\libc_nano.a(lib_a-wctomb_r.o)
 .ARM.attributes
                0x0000000000000889       0x2d c:/st/stm32cubeide_1.5.1/stm32cubeide/plugins/com.st.stm32cube.ide.mcu.externaltools.gnu-tools-for-stm32.7-2018-q2-update.win32_1.5.0.202011040924/tools/bin/../lib/gcc/arm-none-eabi/7.3.1/../../../../arm-none-eabi/lib/thumb/v7-m\libc_nano.a(lib_a-writer.o)
 .ARM.attributes
                0x00000000000008b6       0x2d c:/st/stm32cubeide_1.5.1/stm32cubeide/plugins/com.st.stm32cube.ide.mcu.externaltools.gnu-tools-for-stm32.7-2018-q2-update.win32_1.5.0.202011040924/tools/bin/../lib/gcc/arm-none-eabi/7.3.1/../../../../arm-none-eabi/lib/thumb/v7-m\libc_nano.a(lib_a-wsetup.o)
 .ARM.attributes
                0x00000000000008e3       0x2d c:/st/stm32cubeide_1.5.1/stm32cubeide/plugins/com.st.stm32cube.ide.mcu.externaltools.gnu-tools-for-stm32.7-2018-q2-update.win32_1.5.0.202011040924/tools/bin/../lib/gcc/arm-none-eabi/7.3.1/../../../../arm-none-eabi/lib/thumb/v7-m\libc_nano.a(lib_a-closer.o)
 .ARM.attributes
                0x0000000000000910       0x2d c:/st/stm32cubeide_1.5.1/stm32cubeide/plugins/com.st.stm32cube.ide.mcu.externaltools.gnu-tools-for-stm32.7-2018-q2-update.win32_1.5.0.202011040924/tools/bin/../lib/gcc/arm-none-eabi/7.3.1/../../../../arm-none-eabi/lib/thumb/v7-m\libc_nano.a(lib_a-ctype_.o)
 .ARM.attributes
                0x000000000000093d       0x2d c:/st/stm32cubeide_1.5.1/stm32cubeide/plugins/com.st.stm32cube.ide.mcu.externaltools.gnu-tools-for-stm32.7-2018-q2-update.win32_1.5.0.202011040924/tools/bin/../lib/gcc/arm-none-eabi/7.3.1/../../../../arm-none-eabi/lib/thumb/v7-m\libc_nano.a(lib_a-fflush.o)
 .ARM.attributes
                0x000000000000096a       0x2d c:/st/stm32cubeide_1.5.1/stm32cubeide/plugins/com.st.stm32cube.ide.mcu.externaltools.gnu-tools-for-stm32.7-2018-q2-update.win32_1.5.0.202011040924/tools/bin/../lib/gcc/arm-none-eabi/7.3.1/../../../../arm-none-eabi/lib/thumb/v7-m\libc_nano.a(lib_a-lseekr.o)
 .ARM.attributes
                0x0000000000000997       0x2d c:/st/stm32cubeide_1.5.1/stm32cubeide/plugins/com.st.stm32cube.ide.mcu.externaltools.gnu-tools-for-stm32.7-2018-q2-update.win32_1.5.0.202011040924/tools/bin/../lib/gcc/arm-none-eabi/7.3.1/../../../../arm-none-eabi/lib/thumb/v7-m\libc_nano.a(lib_a-makebuf.o)
 .ARM.attributes
                0x00000000000009c4       0x2d c:/st/stm32cubeide_1.5.1/stm32cubeide/plugins/com.st.stm32cube.ide.mcu.externaltools.gnu-tools-for-stm32.7-2018-q2-update.win32_1.5.0.202011040924/tools/bin/../lib/gcc/arm-none-eabi/7.3.1/../../../../arm-none-eabi/lib/thumb/v7-m\libc_nano.a(lib_a-memchr-stub.o)
 .ARM.attributes
                0x00000000000009f1       0x2d c:/st/stm32cubeide_1.5.1/stm32cubeide/plugins/com.st.stm32cube.ide.mcu.externaltools.gnu-tools-for-stm32.7-2018-q2-update.win32_1.5.0.202011040924/tools/bin/../lib/gcc/arm-none-eabi/7.3.1/../../../../arm-none-eabi/lib/thumb/v7-m\libc_nano.a(lib_a-memmove.o)
 .ARM.attributes
                0x0000000000000a1e       0x2d c:/st/stm32cubeide_1.5.1/stm32cubeide/plugins/com.st.stm32cube.ide.mcu.externaltools.gnu-tools-for-stm32.7-2018-q2-update.win32_1.5.0.202011040924/tools/bin/../lib/gcc/arm-none-eabi/7.3.1/../../../../arm-none-eabi/lib/thumb/v7-m\libc_nano.a(lib_a-mlock.o)
 .ARM.attributes
                0x0000000000000a4b       0x2d c:/st/stm32cubeide_1.5.1/stm32cubeide/plugins/com.st.stm32cube.ide.mcu.externaltools.gnu-tools-for-stm32.7-2018-q2-update.win32_1.5.0.202011040924/tools/bin/../lib/gcc/arm-none-eabi/7.3.1/../../../../arm-none-eabi/lib/thumb/v7-m\libc_nano.a(lib_a-nano-freer.o)
 .ARM.attributes
                0x0000000000000a78       0x2d c:/st/stm32cubeide_1.5.1/stm32cubeide/plugins/com.st.stm32cube.ide.mcu.externaltools.gnu-tools-for-stm32.7-2018-q2-update.win32_1.5.0.202011040924/tools/bin/../lib/gcc/arm-none-eabi/7.3.1/../../../../arm-none-eabi/lib/thumb/v7-m\libc_nano.a(lib_a-nano-reallocr.o)
 .ARM.attributes
                0x0000000000000aa5       0x2d c:/st/stm32cubeide_1.5.1/stm32cubeide/plugins/com.st.stm32cube.ide.mcu.externaltools.gnu-tools-for-stm32.7-2018-q2-update.win32_1.5.0.202011040924/tools/bin/../lib/gcc/arm-none-eabi/7.3.1/../../../../arm-none-eabi/lib/thumb/v7-m\libc_nano.a(lib_a-readr.o)
 .ARM.attributes
                0x0000000000000ad2       0x2d c:/st/stm32cubeide_1.5.1/stm32cubeide/plugins/com.st.stm32cube.ide.mcu.externaltools.gnu-tools-for-stm32.7-2018-q2-update.win32_1.5.0.202011040924/tools/bin/../lib/gcc/arm-none-eabi/7.3.1/../../../../arm-none-eabi/lib/thumb/v7-m\libc_nano.a(lib_a-reent.o)
 .ARM.attributes
                0x0000000000000aff       0x2d c:/st/stm32cubeide_1.5.1/stm32cubeide/plugins/com.st.stm32cube.ide.mcu.externaltools.gnu-tools-for-stm32.7-2018-q2-update.win32_1.5.0.202011040924/tools/bin/../lib/gcc/arm-none-eabi/7.3.1/../../../../arm-none-eabi/lib/thumb/v7-m\libc_nano.a(lib_a-fstatr.o)
 .ARM.attributes
                0x0000000000000b2c       0x2d c:/st/stm32cubeide_1.5.1/stm32cubeide/plugins/com.st.stm32cube.ide.mcu.externaltools.gnu-tools-for-stm32.7-2018-q2-update.win32_1.5.0.202011040924/tools/bin/../lib/gcc/arm-none-eabi/7.3.1/../../../../arm-none-eabi/lib/thumb/v7-m\libc_nano.a(lib_a-isattyr.o)
 .ARM.attributes
                0x0000000000000b59       0x2d c:/st/stm32cubeide_1.5.1/stm32cubeide/plugins/com.st.stm32cube.ide.mcu.externaltools.gnu-tools-for-stm32.7-2018-q2-update.win32_1.5.0.202011040924/tools/bin/../lib/gcc/arm-none-eabi/7.3.1/../../../../arm-none-eabi/lib/thumb/v7-m\libc_nano.a(lib_a-nano-msizer.o)
 .ARM.attributes
                0x0000000000000b86       0x1d c:/st/stm32cubeide_1.5.1/stm32cubeide/plugins/com.st.stm32cube.ide.mcu.externaltools.gnu-tools-for-stm32.7-2018-q2-update.win32_1.5.0.202011040924/tools/bin/../lib/gcc/arm-none-eabi/7.3.1/thumb/v7-m/crtn.o
OUTPUT(test.elf elf32-littlearm)

.debug_info     0x0000000000000000     0xca1e
 .debug_info    0x0000000000000000      0xe10 Core/Inc/MQTTConnectClient.o
 .debug_info    0x0000000000000e10      0xb66 Core/Inc/MQTTDeserializePublish.o
 .debug_info    0x0000000000001976      0xf82 Core/Inc/MQTTPacket.o
 .debug_info    0x00000000000028f8      0xc70 Core/Inc/MQTTSerializePublish.o
 .debug_info    0x0000000000003568      0xbc0 Core/Inc/MQTTSubscribeClient.o
 .debug_info    0x0000000000004128     0x1399 Core/Src/MQTTSim800.o
 .debug_info    0x00000000000054c1      0x35d Core/Src/gpio.o
 .debug_info    0x000000000000581e      0x99e Core/Src/main.o
 .debug_info    0x00000000000061bc      0x2d6 Core/Src/stm32f1xx_hal_msp.o
 .debug_info    0x0000000000006492      0x659 Core/Src/stm32f1xx_it.o
 .debug_info    0x0000000000006aeb      0xebd Core/Src/syscalls.o
 .debug_info    0x00000000000079a8      0x985 Core/Src/sysmem.o
 .debug_info    0x000000000000832d      0x29a Core/Src/system_stm32f1xx.o
 .debug_info    0x00000000000085c7      0x95a Core/Src/usart.o
 .debug_info    0x0000000000008f21       0x22 Core/Startup/startup_stm32f103c8tx.o
 .debug_info    0x0000000000008f43      0x714 Drivers/STM32F1xx_HAL_Driver/Src/stm32f1xx_hal.o
 .debug_info    0x0000000000009657      0xb51 Drivers/STM32F1xx_HAL_Driver/Src/stm32f1xx_hal_cortex.o
 .debug_info    0x000000000000a1a8      0x7b1 Drivers/STM32F1xx_HAL_Driver/Src/stm32f1xx_hal_dma.o
 .debug_info    0x000000000000a959      0x69b Drivers/STM32F1xx_HAL_Driver/Src/stm32f1xx_hal_gpio.o
 .debug_info    0x000000000000aff4      0x80f Drivers/STM32F1xx_HAL_Driver/Src/stm32f1xx_hal_rcc.o
 .debug_info    0x000000000000b803     0x121b Drivers/STM32F1xx_HAL_Driver/Src/stm32f1xx_hal_uart.o

.debug_abbrev   0x0000000000000000     0x2715
 .debug_abbrev  0x0000000000000000      0x226 Core/Inc/MQTTConnectClient.o
 .debug_abbrev  0x0000000000000226      0x1f6 Core/Inc/MQTTDeserializePublish.o
 .debug_abbrev  0x000000000000041c      0x2f8 Core/Inc/MQTTPacket.o
 .debug_abbrev  0x0000000000000714      0x219 Core/Inc/MQTTSerializePublish.o
 .debug_abbrev  0x000000000000092d      0x219 Core/Inc/MQTTSubscribeClient.o
 .debug_abbrev  0x0000000000000b46      0x260 Core/Src/MQTTSim800.o
 .debug_abbrev  0x0000000000000da6      0x134 Core/Src/gpio.o
 .debug_abbrev  0x0000000000000eda      0x226 Core/Src/main.o
 .debug_abbrev  0x0000000000001100      0x109 Core/Src/stm32f1xx_hal_msp.o
 .debug_abbrev  0x0000000000001209      0x149 Core/Src/stm32f1xx_it.o
 .debug_abbrev  0x0000000000001352      0x261 Core/Src/syscalls.o
 .debug_abbrev  0x00000000000015b3      0x19b Core/Src/sysmem.o
 .debug_abbrev  0x000000000000174e      0x134 Core/Src/system_stm32f1xx.o
 .debug_abbrev  0x0000000000001882      0x1a2 Core/Src/usart.o
 .debug_abbrev  0x0000000000001a24       0x12 Core/Startup/startup_stm32f103c8tx.o
 .debug_abbrev  0x0000000000001a36      0x1c7 Drivers/STM32F1xx_HAL_Driver/Src/stm32f1xx_hal.o
 .debug_abbrev  0x0000000000001bfd      0x2d5 Drivers/STM32F1xx_HAL_Driver/Src/stm32f1xx_hal_cortex.o
 .debug_abbrev  0x0000000000001ed2      0x1fe Drivers/STM32F1xx_HAL_Driver/Src/stm32f1xx_hal_dma.o
 .debug_abbrev  0x00000000000020d0      0x1c0 Drivers/STM32F1xx_HAL_Driver/Src/stm32f1xx_hal_gpio.o
 .debug_abbrev  0x0000000000002290      0x243 Drivers/STM32F1xx_HAL_Driver/Src/stm32f1xx_hal_rcc.o
 .debug_abbrev  0x00000000000024d3      0x242 Drivers/STM32F1xx_HAL_Driver/Src/stm32f1xx_hal_uart.o

.debug_aranges  0x0000000000000000      0x948
 .debug_aranges
                0x0000000000000000       0x48 Core/Inc/MQTTConnectClient.o
 .debug_aranges
                0x0000000000000048       0x28 Core/Inc/MQTTDeserializePublish.o
 .debug_aranges
                0x0000000000000070       0xa8 Core/Inc/MQTTPacket.o
 .debug_aranges
                0x0000000000000118       0x48 Core/Inc/MQTTSerializePublish.o
 .debug_aranges
                0x0000000000000160       0x30 Core/Inc/MQTTSubscribeClient.o
 .debug_aranges
                0x0000000000000190       0x68 Core/Src/MQTTSim800.o
 .debug_aranges
                0x00000000000001f8       0x20 Core/Src/gpio.o
 .debug_aranges
                0x0000000000000218       0x38 Core/Src/main.o
 .debug_aranges
                0x0000000000000250       0x20 Core/Src/stm32f1xx_hal_msp.o
 .debug_aranges
                0x0000000000000270       0x70 Core/Src/stm32f1xx_it.o
 .debug_aranges
                0x00000000000002e0       0xa8 Core/Src/syscalls.o
 .debug_aranges
                0x0000000000000388       0x20 Core/Src/sysmem.o
 .debug_aranges
                0x00000000000003a8       0x28 Core/Src/system_stm32f1xx.o
 .debug_aranges
                0x00000000000003d0       0x38 Core/Src/usart.o
 .debug_aranges
                0x0000000000000408       0x28 Core/Startup/startup_stm32f103c8tx.o
 .debug_aranges
                0x0000000000000430       0xe0 Drivers/STM32F1xx_HAL_Driver/Src/stm32f1xx_hal.o
 .debug_aranges
                0x0000000000000510      0x100 Drivers/STM32F1xx_HAL_Driver/Src/stm32f1xx_hal_cortex.o
 .debug_aranges
                0x0000000000000610       0x80 Drivers/STM32F1xx_HAL_Driver/Src/stm32f1xx_hal_dma.o
 .debug_aranges
                0x0000000000000690       0x58 Drivers/STM32F1xx_HAL_Driver/Src/stm32f1xx_hal_gpio.o
 .debug_aranges
                0x00000000000006e8       0x90 Drivers/STM32F1xx_HAL_Driver/Src/stm32f1xx_hal_rcc.o
 .debug_aranges
                0x0000000000000778      0x1d0 Drivers/STM32F1xx_HAL_Driver/Src/stm32f1xx_hal_uart.o

.debug_ranges   0x0000000000000000      0x830
 .debug_ranges  0x0000000000000000       0x38 Core/Inc/MQTTConnectClient.o
 .debug_ranges  0x0000000000000038       0x18 Core/Inc/MQTTDeserializePublish.o
 .debug_ranges  0x0000000000000050       0xc8 Core/Inc/MQTTPacket.o
 .debug_ranges  0x0000000000000118       0x38 Core/Inc/MQTTSerializePublish.o
 .debug_ranges  0x0000000000000150       0x20 Core/Inc/MQTTSubscribeClient.o
 .debug_ranges  0x0000000000000170       0x58 Core/Src/MQTTSim800.o
 .debug_ranges  0x00000000000001c8       0x10 Core/Src/gpio.o
 .debug_ranges  0x00000000000001d8       0x28 Core/Src/main.o
 .debug_ranges  0x0000000000000200       0x10 Core/Src/stm32f1xx_hal_msp.o
 .debug_ranges  0x0000000000000210       0x60 Core/Src/stm32f1xx_it.o
 .debug_ranges  0x0000000000000270       0x98 Core/Src/syscalls.o
 .debug_ranges  0x0000000000000308       0x10 Core/Src/sysmem.o
 .debug_ranges  0x0000000000000318       0x18 Core/Src/system_stm32f1xx.o
 .debug_ranges  0x0000000000000330       0x28 Core/Src/usart.o
 .debug_ranges  0x0000000000000358       0x20 Core/Startup/startup_stm32f103c8tx.o
 .debug_ranges  0x0000000000000378       0xd0 Drivers/STM32F1xx_HAL_Driver/Src/stm32f1xx_hal.o
 .debug_ranges  0x0000000000000448       0xf0 Drivers/STM32F1xx_HAL_Driver/Src/stm32f1xx_hal_cortex.o
 .debug_ranges  0x0000000000000538       0x70 Drivers/STM32F1xx_HAL_Driver/Src/stm32f1xx_hal_dma.o
 .debug_ranges  0x00000000000005a8       0x48 Drivers/STM32F1xx_HAL_Driver/Src/stm32f1xx_hal_gpio.o
 .debug_ranges  0x00000000000005f0       0x80 Drivers/STM32F1xx_HAL_Driver/Src/stm32f1xx_hal_rcc.o
 .debug_ranges  0x0000000000000670      0x1c0 Drivers/STM32F1xx_HAL_Driver/Src/stm32f1xx_hal_uart.o

.debug_macro    0x0000000000000000    0x18ccd
 .debug_macro   0x0000000000000000      0x213 Core/Inc/MQTTConnectClient.o
 .debug_macro   0x0000000000000213      0xa5a Core/Inc/MQTTConnectClient.o
 .debug_macro   0x0000000000000c6d       0x1c Core/Inc/MQTTConnectClient.o
 .debug_macro   0x0000000000000c89       0x17 Core/Inc/MQTTConnectClient.o
 .debug_macro   0x0000000000000ca0       0x22 Core/Inc/MQTTConnectClient.o
 .debug_macro   0x0000000000000cc2       0x40 Core/Inc/MQTTConnectClient.o
 .debug_macro   0x0000000000000d02       0x18 Core/Inc/MQTTConnectClient.o
 .debug_macro   0x0000000000000d1a       0x94 Core/Inc/MQTTConnectClient.o
 .debug_macro   0x0000000000000dae       0x3c Core/Inc/MQTTConnectClient.o
 .debug_macro   0x0000000000000dea       0x34 Core/Inc/MQTTConnectClient.o
 .debug_macro   0x0000000000000e1e       0x16 Core/Inc/MQTTConnectClient.o
 .debug_macro   0x0000000000000e34       0x57 Core/Inc/MQTTConnectClient.o
 .debug_macro   0x0000000000000e8b       0x97 Core/Inc/MQTTConnectClient.o
 .debug_macro   0x0000000000000f22      0x330 Core/Inc/MQTTConnectClient.o
 .debug_macro   0x0000000000001252       0xfd Core/Inc/MQTTConnectClient.o
 .debug_macro   0x000000000000134f       0x10 Core/Inc/MQTTConnectClient.o
 .debug_macro   0x000000000000135f       0x52 Core/Inc/MQTTConnectClient.o
 .debug_macro   0x00000000000013b1       0x1f Core/Inc/MQTTConnectClient.o
 .debug_macro   0x00000000000013d0       0x43 Core/Inc/MQTTConnectClient.o
 .debug_macro   0x0000000000001413       0x20 Core/Inc/MQTTConnectClient.o
 .debug_macro   0x0000000000001433      0x1a3 Core/Inc/MQTTConnectClient.o
 .debug_macro   0x00000000000015d6       0x10 Core/Inc/MQTTConnectClient.o
 .debug_macro   0x00000000000015e6       0x6a Core/Inc/MQTTConnectClient.o
 .debug_macro   0x0000000000001650       0x1c Core/Inc/MQTTConnectClient.o
 .debug_macro   0x000000000000166c       0x52 Core/Inc/MQTTConnectClient.o
 .debug_macro   0x00000000000016be       0x40 Core/Inc/MQTTConnectClient.o
 .debug_macro   0x00000000000016fe       0x10 Core/Inc/MQTTConnectClient.o
 .debug_macro   0x000000000000170e       0x40 Core/Inc/MQTTConnectClient.o
 .debug_macro   0x000000000000174e       0xd7 Core/Inc/MQTTConnectClient.o
 .debug_macro   0x0000000000001825       0x1c Core/Inc/MQTTConnectClient.o
 .debug_macro   0x0000000000001841       0x3d Core/Inc/MQTTConnectClient.o
 .debug_macro   0x000000000000187e       0x16 Core/Inc/MQTTConnectClient.o
 .debug_macro   0x0000000000001894      0x145 Core/Inc/MQTTConnectClient.o
 .debug_macro   0x00000000000019d9       0x4c Core/Inc/MQTTConnectClient.o
 .debug_macro   0x0000000000001a25       0x16 Core/Inc/MQTTConnectClient.o
 .debug_macro   0x0000000000001a3b       0x35 Core/Inc/MQTTConnectClient.o
 .debug_macro   0x0000000000001a70       0x20 Core/Inc/MQTTConnectClient.o
 .debug_macro   0x0000000000001a90      0x219 Core/Inc/MQTTDeserializePublish.o
 .debug_macro   0x0000000000001ca9      0x219 Core/Inc/MQTTPacket.o
 .debug_macro   0x0000000000001ec2      0x213 Core/Inc/MQTTSerializePublish.o
 .debug_macro   0x00000000000020d5      0x213 Core/Inc/MQTTSubscribeClient.o
 .debug_macro   0x00000000000022e8      0x387 Core/Src/MQTTSim800.o
 .debug_macro   0x000000000000266f      0x215 Core/Src/MQTTSim800.o
 .debug_macro   0x0000000000002884       0x2e Core/Src/MQTTSim800.o
 .debug_macro   0x00000000000028b2       0x22 Core/Src/MQTTSim800.o
 .debug_macro   0x00000000000028d4       0x8e Core/Src/MQTTSim800.o
 .debug_macro   0x0000000000002962       0x51 Core/Src/MQTTSim800.o
 .debug_macro   0x00000000000029b3       0xef Core/Src/MQTTSim800.o
 .debug_macro   0x0000000000002aa2      0x1df Core/Src/MQTTSim800.o
 .debug_macro   0x0000000000002c81       0x1c Core/Src/MQTTSim800.o
 .debug_macro   0x0000000000002c9d       0x22 Core/Src/MQTTSim800.o
 .debug_macro   0x0000000000002cbf       0xc3 Core/Src/MQTTSim800.o
 .debug_macro   0x0000000000002d82      0xd23 Core/Src/MQTTSim800.o
 .debug_macro   0x0000000000003aa5     0xe097 Core/Src/MQTTSim800.o
 .debug_macro   0x0000000000011b3c       0x43 Core/Src/MQTTSim800.o
 .debug_macro   0x0000000000011b7f     0x3468 Core/Src/MQTTSim800.o
 .debug_macro   0x0000000000014fe7      0x174 Core/Src/MQTTSim800.o
 .debug_macro   0x000000000001515b       0x5c Core/Src/MQTTSim800.o
 .debug_macro   0x00000000000151b7      0x5be Core/Src/MQTTSim800.o
 .debug_macro   0x0000000000015775      0x289 Core/Src/MQTTSim800.o
 .debug_macro   0x00000000000159fe      0x1cb Core/Src/MQTTSim800.o
 .debug_macro   0x0000000000015bc9      0x114 Core/Src/MQTTSim800.o
 .debug_macro   0x0000000000015cdd      0x1b2 Core/Src/MQTTSim800.o
 .debug_macro   0x0000000000015e8f       0x27 Core/Src/MQTTSim800.o
 .debug_macro   0x0000000000015eb6      0x136 Core/Src/MQTTSim800.o
 .debug_macro   0x0000000000015fec      0x1bc Core/Src/MQTTSim800.o
 .debug_macro   0x00000000000161a8       0x34 Core/Src/MQTTSim800.o
 .debug_macro   0x00000000000161dc       0x3c Core/Src/MQTTSim800.o
 .debug_macro   0x0000000000016218       0x57 Core/Src/MQTTSim800.o
 .debug_macro   0x000000000001626f       0x88 Core/Src/MQTTSim800.o
 .debug_macro   0x00000000000162f7      0x241 Core/Src/MQTTSim800.o
 .debug_macro   0x0000000000016538      0x141 Core/Src/MQTTSim800.o
 .debug_macro   0x0000000000016679      0x26b Core/Src/MQTTSim800.o
 .debug_macro   0x00000000000168e4       0x83 Core/Src/MQTTSim800.o
 .debug_macro   0x0000000000016967       0x10 Core/Src/MQTTSim800.o
 .debug_macro   0x0000000000016977       0x16 Core/Src/MQTTSim800.o
 .debug_macro   0x000000000001698d       0x46 Core/Src/MQTTSim800.o
 .debug_macro   0x00000000000169d3      0x32a Core/Src/MQTTSim800.o
 .debug_macro   0x0000000000016cfd       0x10 Core/Src/MQTTSim800.o
 .debug_macro   0x0000000000016d0d       0x1c Core/Src/MQTTSim800.o
 .debug_macro   0x0000000000016d29      0x1a7 Core/Src/gpio.o
 .debug_macro   0x0000000000016ed0      0x1be Core/Src/main.o
 .debug_macro   0x000000000001708e      0x19d Core/Src/stm32f1xx_hal_msp.o
 .debug_macro   0x000000000001722b      0x1a7 Core/Src/stm32f1xx_it.o
 .debug_macro   0x00000000000173d2      0x243 Core/Src/syscalls.o
 .debug_macro   0x0000000000017615       0x10 Core/Src/syscalls.o
 .debug_macro   0x0000000000017625       0x10 Core/Src/syscalls.o
 .debug_macro   0x0000000000017635       0x10 Core/Src/syscalls.o
 .debug_macro   0x0000000000017645       0x35 Core/Src/syscalls.o
 .debug_macro   0x000000000001767a      0x122 Core/Src/syscalls.o
 .debug_macro   0x000000000001779c       0x16 Core/Src/syscalls.o
 .debug_macro   0x00000000000177b2       0x16 Core/Src/syscalls.o
 .debug_macro   0x00000000000177c8       0x29 Core/Src/syscalls.o
 .debug_macro   0x00000000000177f1       0x10 Core/Src/syscalls.o
 .debug_macro   0x0000000000017801      0x241 Core/Src/syscalls.o
 .debug_macro   0x0000000000017a42       0x10 Core/Src/syscalls.o
 .debug_macro   0x0000000000017a52      0x189 Core/Src/syscalls.o
 .debug_macro   0x0000000000017bdb       0x16 Core/Src/syscalls.o
 .debug_macro   0x0000000000017bf1       0x88 Core/Src/syscalls.o
 .debug_macro   0x0000000000017c79       0xee Core/Src/sysmem.o
 .debug_macro   0x0000000000017d67      0x23b Core/Src/sysmem.o
 .debug_macro   0x0000000000017fa2      0x18e Core/Src/system_stm32f1xx.o
 .debug_macro   0x0000000000018130      0x1a7 Core/Src/usart.o
 .debug_macro   0x00000000000182d7      0x1b2 Drivers/STM32F1xx_HAL_Driver/Src/stm32f1xx_hal.o
 .debug_macro   0x0000000000018489      0x18e Drivers/STM32F1xx_HAL_Driver/Src/stm32f1xx_hal_cortex.o
 .debug_macro   0x0000000000018617      0x18e Drivers/STM32F1xx_HAL_Driver/Src/stm32f1xx_hal_dma.o
 .debug_macro   0x00000000000187a5      0x1f9 Drivers/STM32F1xx_HAL_Driver/Src/stm32f1xx_hal_gpio.o
 .debug_macro   0x000000000001899e      0x1a0 Drivers/STM32F1xx_HAL_Driver/Src/stm32f1xx_hal_rcc.o
 .debug_macro   0x0000000000018b3e      0x18f Drivers/STM32F1xx_HAL_Driver/Src/stm32f1xx_hal_uart.o

.debug_line     0x0000000000000000     0x9bee
 .debug_line    0x0000000000000000      0x6bf Core/Inc/MQTTConnectClient.o
 .debug_line    0x00000000000006bf      0x63e Core/Inc/MQTTDeserializePublish.o
 .debug_line    0x0000000000000cfd      0x7e8 Core/Inc/MQTTPacket.o
 .debug_line    0x00000000000014e5      0x678 Core/Inc/MQTTSerializePublish.o
 .debug_line    0x0000000000001b5d      0x674 Core/Inc/MQTTSubscribeClient.o
 .debug_line    0x00000000000021d1      0x9f5 Core/Src/MQTTSim800.o
 .debug_line    0x0000000000002bc6      0x64a Core/Src/gpio.o
 .debug_line    0x0000000000003210      0x6dd Core/Src/main.o
 .debug_line    0x00000000000038ed      0x647 Core/Src/stm32f1xx_hal_msp.o
 .debug_line    0x0000000000003f34      0x712 Core/Src/stm32f1xx_it.o
 .debug_line    0x0000000000004646      0x73e Core/Src/syscalls.o
 .debug_line    0x0000000000004d84      0x4c7 Core/Src/sysmem.o
 .debug_line    0x000000000000524b      0x66e Core/Src/system_stm32f1xx.o
 .debug_line    0x00000000000058b9      0x6b5 Core/Src/usart.o
 .debug_line    0x0000000000005f6e       0x84 Core/Startup/startup_stm32f103c8tx.o
 .debug_line    0x0000000000005ff2      0x821 Drivers/STM32F1xx_HAL_Driver/Src/stm32f1xx_hal.o
 .debug_line    0x0000000000006813      0x8f8 Drivers/STM32F1xx_HAL_Driver/Src/stm32f1xx_hal_cortex.o
 .debug_line    0x000000000000710b      0xa86 Drivers/STM32F1xx_HAL_Driver/Src/stm32f1xx_hal_dma.o
 .debug_line    0x0000000000007b91      0x81d Drivers/STM32F1xx_HAL_Driver/Src/stm32f1xx_hal_gpio.o
 .debug_line    0x00000000000083ae      0x8e1 Drivers/STM32F1xx_HAL_Driver/Src/stm32f1xx_hal_rcc.o
 .debug_line    0x0000000000008c8f      0xf5f Drivers/STM32F1xx_HAL_Driver/Src/stm32f1xx_hal_uart.o

.debug_str      0x0000000000000000    0x839cd
 .debug_str     0x0000000000000000     0x79f4 Core/Inc/MQTTConnectClient.o
                                       0x7c21 (size before relaxing)
 .debug_str     0x00000000000079f4       0x88 Core/Inc/MQTTDeserializePublish.o
                                       0x7a93 (size before relaxing)
 .debug_str     0x0000000000007a7c      0x1ab Core/Inc/MQTTPacket.o
                                       0x7b75 (size before relaxing)
 .debug_str     0x0000000000007c27       0xa7 Core/Inc/MQTTSerializePublish.o
                                       0x7b12 (size before relaxing)
 .debug_str     0x0000000000007cce       0x9f Core/Inc/MQTTSubscribeClient.o
                                       0x7af5 (size before relaxing)
 .debug_str     0x0000000000007d6d    0x7904f Core/Src/MQTTSim800.o